Archive member included to satisfy reference by file (symbol)

c:/st/stm32cubeide_1.10.1/stm32cubeide/plugins/com.st.stm32cube.ide.mcu.externaltools.gnu-tools-for-stm32.10.3-2021.10.win32_1.0.0.202111181127/tools/bin/../lib/gcc/arm-none-eabi/10.3.1/../../../../arm-none-eabi/lib/thumb/v7e-m+fp/hard\libc_nano.a(lib_a-errno.o)
                              ./Core/Src/syscalls.o (__errno)
c:/st/stm32cubeide_1.10.1/stm32cubeide/plugins/com.st.stm32cube.ide.mcu.externaltools.gnu-tools-for-stm32.10.3-2021.10.win32_1.0.0.202111181127/tools/bin/../lib/gcc/arm-none-eabi/10.3.1/../../../../arm-none-eabi/lib/thumb/v7e-m+fp/hard\libc_nano.a(lib_a-exit.o)
                              c:/st/stm32cubeide_1.10.1/stm32cubeide/plugins/com.st.stm32cube.ide.mcu.externaltools.gnu-tools-for-stm32.10.3-2021.10.win32_1.0.0.202111181127/tools/bin/../lib/gcc/arm-none-eabi/10.3.1/../../../../arm-none-eabi/lib/thumb/v7e-m+fp/hard/crt0.o (exit)
c:/st/stm32cubeide_1.10.1/stm32cubeide/plugins/com.st.stm32cube.ide.mcu.externaltools.gnu-tools-for-stm32.10.3-2021.10.win32_1.0.0.202111181127/tools/bin/../lib/gcc/arm-none-eabi/10.3.1/../../../../arm-none-eabi/lib/thumb/v7e-m+fp/hard\libc_nano.a(lib_a-impure.o)
                              c:/st/stm32cubeide_1.10.1/stm32cubeide/plugins/com.st.stm32cube.ide.mcu.externaltools.gnu-tools-for-stm32.10.3-2021.10.win32_1.0.0.202111181127/tools/bin/../lib/gcc/arm-none-eabi/10.3.1/../../../../arm-none-eabi/lib/thumb/v7e-m+fp/hard\libc_nano.a(lib_a-exit.o) (_global_impure_ptr)
c:/st/stm32cubeide_1.10.1/stm32cubeide/plugins/com.st.stm32cube.ide.mcu.externaltools.gnu-tools-for-stm32.10.3-2021.10.win32_1.0.0.202111181127/tools/bin/../lib/gcc/arm-none-eabi/10.3.1/../../../../arm-none-eabi/lib/thumb/v7e-m+fp/hard\libc_nano.a(lib_a-init.o)
                              c:/st/stm32cubeide_1.10.1/stm32cubeide/plugins/com.st.stm32cube.ide.mcu.externaltools.gnu-tools-for-stm32.10.3-2021.10.win32_1.0.0.202111181127/tools/bin/../lib/gcc/arm-none-eabi/10.3.1/../../../../arm-none-eabi/lib/thumb/v7e-m+fp/hard/crt0.o (__libc_init_array)
c:/st/stm32cubeide_1.10.1/stm32cubeide/plugins/com.st.stm32cube.ide.mcu.externaltools.gnu-tools-for-stm32.10.3-2021.10.win32_1.0.0.202111181127/tools/bin/../lib/gcc/arm-none-eabi/10.3.1/../../../../arm-none-eabi/lib/thumb/v7e-m+fp/hard\libc_nano.a(lib_a-memset.o)
                              c:/st/stm32cubeide_1.10.1/stm32cubeide/plugins/com.st.stm32cube.ide.mcu.externaltools.gnu-tools-for-stm32.10.3-2021.10.win32_1.0.0.202111181127/tools/bin/../lib/gcc/arm-none-eabi/10.3.1/../../../../arm-none-eabi/lib/thumb/v7e-m+fp/hard/crt0.o (memset)
c:/st/stm32cubeide_1.10.1/stm32cubeide/plugins/com.st.stm32cube.ide.mcu.externaltools.gnu-tools-for-stm32.10.3-2021.10.win32_1.0.0.202111181127/tools/bin/../lib/gcc/arm-none-eabi/10.3.1/thumb/v7e-m+fp/hard\libgcc.a(_aeabi_uldivmod.o)
                              ./Drivers/STM32F4xx_HAL_Driver/Src/stm32f4xx_hal_rcc.o (__aeabi_uldivmod)
c:/st/stm32cubeide_1.10.1/stm32cubeide/plugins/com.st.stm32cube.ide.mcu.externaltools.gnu-tools-for-stm32.10.3-2021.10.win32_1.0.0.202111181127/tools/bin/../lib/gcc/arm-none-eabi/10.3.1/thumb/v7e-m+fp/hard\libgcc.a(_udivmoddi4.o)
                              c:/st/stm32cubeide_1.10.1/stm32cubeide/plugins/com.st.stm32cube.ide.mcu.externaltools.gnu-tools-for-stm32.10.3-2021.10.win32_1.0.0.202111181127/tools/bin/../lib/gcc/arm-none-eabi/10.3.1/thumb/v7e-m+fp/hard\libgcc.a(_aeabi_uldivmod.o) (__udivmoddi4)
c:/st/stm32cubeide_1.10.1/stm32cubeide/plugins/com.st.stm32cube.ide.mcu.externaltools.gnu-tools-for-stm32.10.3-2021.10.win32_1.0.0.202111181127/tools/bin/../lib/gcc/arm-none-eabi/10.3.1/thumb/v7e-m+fp/hard\libgcc.a(_dvmd_tls.o)
                              c:/st/stm32cubeide_1.10.1/stm32cubeide/plugins/com.st.stm32cube.ide.mcu.externaltools.gnu-tools-for-stm32.10.3-2021.10.win32_1.0.0.202111181127/tools/bin/../lib/gcc/arm-none-eabi/10.3.1/thumb/v7e-m+fp/hard\libgcc.a(_aeabi_uldivmod.o) (__aeabi_ldiv0)

Discarded input sections

 .text          0x0000000000000000        0x0 c:/st/stm32cubeide_1.10.1/stm32cubeide/plugins/com.st.stm32cube.ide.mcu.externaltools.gnu-tools-for-stm32.10.3-2021.10.win32_1.0.0.202111181127/tools/bin/../lib/gcc/arm-none-eabi/10.3.1/thumb/v7e-m+fp/hard/crti.o
 .data          0x0000000000000000        0x0 c:/st/stm32cubeide_1.10.1/stm32cubeide/plugins/com.st.stm32cube.ide.mcu.externaltools.gnu-tools-for-stm32.10.3-2021.10.win32_1.0.0.202111181127/tools/bin/../lib/gcc/arm-none-eabi/10.3.1/thumb/v7e-m+fp/hard/crti.o
 .bss           0x0000000000000000        0x0 c:/st/stm32cubeide_1.10.1/stm32cubeide/plugins/com.st.stm32cube.ide.mcu.externaltools.gnu-tools-for-stm32.10.3-2021.10.win32_1.0.0.202111181127/tools/bin/../lib/gcc/arm-none-eabi/10.3.1/thumb/v7e-m+fp/hard/crti.o
[...]
Memory Configuration

Name             Origin             Length             Attributes
CCMRAM           0x0000000010000000 0x0000000000010000 xrw
RAM              0x0000000020000000 0x0000000000030000 xrw
FLASH            0x0000000008000000 0x0000000000200000 xr
*default*        0x0000000000000000 0xffffffffffffffff

Linker script and memory map

LOAD c:/st/stm32cubeide_1.10.1/stm32cubeide/plugins/com.st.stm32cube.ide.mcu.externaltools.gnu-tools-for-stm32.10.3-2021.10.win32_1.0.0.202111181127/tools/bin/../lib/gcc/arm-none-eabi/10.3.1/thumb/v7e-m+fp/hard/crti.o
LOAD c:/st/stm32cubeide_1.10.1/stm32cubeide/plugins/com.st.stm32cube.ide.mcu.externaltools.gnu-tools-for-stm32.10.3-2021.10.win32_1.0.0.202111181127/tools/bin/../lib/gcc/arm-none-eabi/10.3.1/thumb/v7e-m+fp/hard/crtbegin.o
LOAD c:/st/stm32cubeide_1.10.1/stm32cubeide/plugins/com.st.stm32cube.ide.mcu.externaltools.gnu-tools-for-stm32.10.3-2021.10.win32_1.0.0.202111181127/tools/bin/../lib/gcc/arm-none-eabi/10.3.1/../../../../arm-none-eabi/lib/thumb/v7e-m+fp/hard/crt0.o
LOAD ./Core/Display/display.o
LOAD ./Core/Display/fonts.o
LOAD ./Core/Display/ili9341.o
LOAD ./Core/Display/st7789.o
LOAD ./Core/Src/main.o
LOAD ./Core/Src/stm32f4xx_hal_msp.o
LOAD ./Core/Src/stm32f4xx_hal_timebase_tim.o
LOAD ./Core/Src/stm32f4xx_it.o
LOAD ./Core/Src/syscalls.o
LOAD ./Core/Src/sysmem.o
LOAD ./Core/Src/system_stm32f4xx.o
LOAD ./Core/Startup/startup_stm32f429zitx.o
LOAD ./Drivers/STM32F4xx_HAL_Driver/Src/stm32f4xx_hal.o
LOAD ./Drivers/STM32F4xx_HAL_Driver/Src/stm32f4xx_hal_cortex.o
LOAD ./Drivers/STM32F4xx_HAL_Driver/Src/stm32f4xx_hal_dma.o
LOAD ./Drivers/STM32F4xx_HAL_Driver/Src/stm32f4xx_hal_dma_ex.o
LOAD ./Drivers/STM32F4xx_HAL_Driver/Src/stm32f4xx_hal_exti.o
LOAD ./Drivers/STM32F4xx_HAL_Driver/Src/stm32f4xx_hal_flash.o
LOAD ./Drivers/STM32F4xx_HAL_Driver/Src/stm32f4xx_hal_flash_ex.o
LOAD ./Drivers/STM32F4xx_HAL_Driver/Src/stm32f4xx_hal_flash_ramfunc.o
LOAD ./Drivers/STM32F4xx_HAL_Driver/Src/stm32f4xx_hal_gpio.o
LOAD ./Drivers/STM32F4xx_HAL_Driver/Src/stm32f4xx_hal_i2c.o
LOAD ./Drivers/STM32F4xx_HAL_Driver/Src/stm32f4xx_hal_i2c_ex.o
LOAD ./Drivers/STM32F4xx_HAL_Driver/Src/stm32f4xx_hal_pwr.o
LOAD ./Drivers/STM32F4xx_HAL_Driver/Src/stm32f4xx_hal_pwr_ex.o
LOAD ./Drivers/STM32F4xx_HAL_Driver/Src/stm32f4xx_hal_rcc.o
LOAD ./Drivers/STM32F4xx_HAL_Driver/Src/stm32f4xx_hal_rcc_ex.o
LOAD ./Drivers/STM32F4xx_HAL_Driver/Src/stm32f4xx_hal_tim.o
LOAD ./Drivers/STM32F4xx_HAL_Driver/Src/stm32f4xx_hal_tim_ex.o
LOAD ./Drivers/STM32F4xx_HAL_Driver/Src/stm32f4xx_ll_dma.o
LOAD ./Drivers/STM32F4xx_HAL_Driver/Src/stm32f4xx_ll_exti.o
LOAD ./Drivers/STM32F4xx_HAL_Driver/Src/stm32f4xx_ll_gpio.o
LOAD ./Drivers/STM32F4xx_HAL_Driver/Src/stm32f4xx_ll_rcc.o
LOAD ./Drivers/STM32F4xx_HAL_Driver/Src/stm32f4xx_ll_spi.o
LOAD ./Drivers/STM32F4xx_HAL_Driver/Src/stm32f4xx_ll_tim.o
LOAD ./Drivers/STM32F4xx_HAL_Driver/Src/stm32f4xx_ll_utils.o
START GROUP
LOAD c:/st/stm32cubeide_1.10.1/stm32cubeide/plugins/com.st.stm32cube.ide.mcu.externaltools.gnu-tools-for-stm32.10.3-2021.10.win32_1.0.0.202111181127/tools/bin/../lib/gcc/arm-none-eabi/10.3.1/../../../../arm-none-eabi/lib/thumb/v7e-m+fp/hard\libc_nano.a
LOAD c:/st/stm32cubeide_1.10.1/stm32cubeide/plugins/com.st.stm32cube.ide.mcu.externaltools.gnu-tools-for-stm32.10.3-2021.10.win32_1.0.0.202111181127/tools/bin/../lib/gcc/arm-none-eabi/10.3.1/../../../../arm-none-eabi/lib/thumb/v7e-m+fp/hard\libm.a
END GROUP
START GROUP
LOAD c:/st/stm32cubeide_1.10.1/stm32cubeide/plugins/com.st.stm32cube.ide.mcu.externaltools.gnu-tools-for-stm32.10.3-2021.10.win32_1.0.0.202111181127/tools/bin/../lib/gcc/arm-none-eabi/10.3.1/thumb/v7e-m+fp/hard\libgcc.a
LOAD c:/st/stm32cubeide_1.10.1/stm32cubeide/plugins/com.st.stm32cube.ide.mcu.externaltools.gnu-tools-for-stm32.10.3-2021.10.win32_1.0.0.202111181127/tools/bin/../lib/gcc/arm-none-eabi/10.3.1/../../../../arm-none-eabi/lib/thumb/v7e-m+fp/hard\libc_nano.a
END GROUP
START GROUP
LOAD c:/st/stm32cubeide_1.10.1/stm32cubeide/plugins/com.st.stm32cube.ide.mcu.externaltools.gnu-tools-for-stm32.10.3-2021.10.win32_1.0.0.202111181127/tools/bin/../lib/gcc/arm-none-eabi/10.3.1/thumb/v7e-m+fp/hard\libgcc.a
LOAD c:/st/stm32cubeide_1.10.1/stm32cubeide/plugins/com.st.stm32cube.ide.mcu.externaltools.gnu-tools-for-stm32.10.3-2021.10.win32_1.0.0.202111181127/tools/bin/../lib/gcc/arm-none-eabi/10.3.1/../../../../arm-none-eabi/lib/thumb/v7e-m+fp/hard\libc_nano.a
LOAD c:/st/stm32cubeide_1.10.1/stm32cubeide/plugins/com.st.stm32cube.ide.mcu.externaltools.gnu-tools-for-stm32.10.3-2021.10.win32_1.0.0.202111181127/tools/bin/../lib/gcc/arm-none-eabi/10.3.1/../../../../arm-none-eabi/lib/thumb/v7e-m+fp/hard\libnosys.a
END GROUP
START GROUP
LOAD c:/st/stm32cubeide_1.10.1/stm32cubeide/plugins/com.st.stm32cube.ide.mcu.externaltools.gnu-tools-for-stm32.10.3-2021.10.win32_1.0.0.202111181127/tools/bin/../lib/gcc/arm-none-eabi/10.3.1/thumb/v7e-m+fp/hard\libgcc.a
LOAD c:/st/stm32cubeide_1.10.1/stm32cubeide/plugins/com.st.stm32cube.ide.mcu.externaltools.gnu-tools-for-stm32.10.3-2021.10.win32_1.0.0.202111181127/tools/bin/../lib/gcc/arm-none-eabi/10.3.1/../../../../arm-none-eabi/lib/thumb/v7e-m+fp/hard\libc_nano.a
LOAD c:/st/stm32cubeide_1.10.1/stm32cubeide/plugins/com.st.stm32cube.ide.mcu.externaltools.gnu-tools-for-stm32.10.3-2021.10.win32_1.0.0.202111181127/tools/bin/../lib/gcc/arm-none-eabi/10.3.1/../../../../arm-none-eabi/lib/thumb/v7e-m+fp/hard\libnosys.a
END GROUP
LOAD c:/st/stm32cubeide_1.10.1/stm32cubeide/plugins/com.st.stm32cube.ide.mcu.externaltools.gnu-tools-for-stm32.10.3-2021.10.win32_1.0.0.202111181127/tools/bin/../lib/gcc/arm-none-eabi/10.3.1/thumb/v7e-m+fp/hard/crtend.o
LOAD c:/st/stm32cubeide_1.10.1/stm32cubeide/plugins/com.st.stm32cube.ide.mcu.externaltools.gnu-tools-for-stm32.10.3-2021.10.win32_1.0.0.202111181127/tools/bin/../lib/gcc/arm-none-eabi/10.3.1/thumb/v7e-m+fp/hard/crtn.o
                0x0000000020030000                _estack = (ORIGIN (RAM) + LENGTH (RAM))
                0x0000000000000200                _Min_Heap_Size = 0x200
                0x0000000000000400                _Min_Stack_Size = 0x400

.isr_vector     0x0000000008000000      0x1ac
                0x0000000008000000                . = ALIGN (0x4)
 *(.isr_vector)
 .isr_vector    0x0000000008000000      0x1ac ./Core/Startup/startup_stm32f429zitx.o
                0x0000000008000000                g_pfnVectors
                0x00000000080001ac                . = ALIGN (0x4)

.text           0x00000000080001ac     0x478c
                0x00000000080001ac                . = ALIGN (0x4)
 *(.text)
 .text          0x00000000080001ac       0x40 c:/st/stm32cubeide_1.10.1/stm32cubeide/plugins/com.st.stm32cube.ide.mcu.externaltools.gnu-tools-for-stm32.10.3-2021.10.win32_1.0.0.202111181127/tools/bin/../lib/gcc/arm-none-eabi/10.3.1/thumb/v7e-m+fp/hard/crtbegin.o
 *(.text*)
 .text.LL_SPI_TransmitData8
                0x00000000080001ec       0x24 ./Core/Display/display.o
 .text.LL_SPI_TransmitData16
                0x0000000008000210       0x24 ./Core/Display/display.o
 .text.Display_TC_Callback
                0x0000000008000234      0x174 ./Core/Display/display.o
                0x0000000008000234                Display_TC_Callback
 .text.LCD_WRITE_DC
                0x00000000080003a8       0x66 ./Core/Display/display.o
 .text.LCD_HardWareReset
                0x000000000800040e       0x3c ./Core/Display/display.o
                0x000000000800040e                LCD_HardWareReset
 .text.LCD_String_Interpretator
                0x000000000800044a      0x11c ./Core/Display/display.o
                0x000000000800044a                LCD_String_Interpretator
 *fill*         0x0000000008000566        0x2 
 .text.LCD_DisplayAdd
                0x0000000008000568      0x2cc ./Core/Display/display.o
                0x0000000008000568                LCD_DisplayAdd
 .text.LCD_Delete
                0x0000000008000834       0x20 ./Core/Display/display.o
                0x0000000008000834                LCD_Delete
 .text.LCD_Init
                0x0000000008000854       0x3a ./Core/Display/display.o
                0x0000000008000854                LCD_Init
 .text.LCD_GetState
                0x000000000800088e       0x28 ./Core/Display/display.o
                0x000000000800088e                LCD_GetState
 *fill*         0x00000000080008b6        0x2 
 .text.LCD_SetBackLight
                0x00000000080008b8       0xfc ./Core/Display/display.o
                0x00000000080008b8                LCD_SetBackLight
 .text.LCD_SetActiveWindow
                0x00000000080009b4       0x6c ./Core/Display/display.o
                0x00000000080009b4                LCD_SetActiveWindow
 .text.LCD_WriteData
                0x0000000008000a20      0x12e ./Core/Display/display.o
                0x0000000008000a20                LCD_WriteData
 *fill*         0x0000000008000b4e        0x2 
 .text.LCD_FillWindow
                0x0000000008000b50      0x2e4 ./Core/Display/display.o
                0x0000000008000b50                LCD_FillWindow
 .text.LCD_Fill
                0x0000000008000e34       0x34 ./Core/Display/display.o
                0x0000000008000e34                LCD_Fill
 .text.LCD_DrawPixel
                0x0000000008000e68       0x74 ./Core/Display/display.o
                0x0000000008000e68                LCD_DrawPixel
 .text.LCD_WriteChar
                0x0000000008000edc      0x314 ./Core/Display/display.o
                0x0000000008000edc                LCD_WriteChar
 .text.LCD_WriteString
                0x00000000080011f0       0x98 ./Core/Display/display.o
                0x00000000080011f0                LCD_WriteString
 .text.LCD_Color
                0x0000000008001288       0x74 ./Core/Display/display.o
                0x0000000008001288                LCD_Color
 .text.LCD_Color_24b_to_16b
                0x00000000080012fc       0x30 ./Core/Display/display.o
                0x00000000080012fc                LCD_Color_24b_to_16b
 .text.ST7789_MemoryDataAccessControlConfig
                0x000000000800132c       0x82 ./Core/Display/st7789.o
 *fill*         0x00000000080013ae        0x2 
 .text.ST7789_Init
                0x00000000080013b0       0xa0 ./Core/Display/st7789.o
                0x00000000080013b0                ST7789_Init
 .text.ST7789_SetWindow
                0x0000000008001450       0x80 ./Core/Display/st7789.o
                0x0000000008001450                ST7789_SetWindow
 .text.ST7789_SleepIn
                0x00000000080014d0       0x14 ./Core/Display/st7789.o
                0x00000000080014d0                ST7789_SleepIn
 .text.ST7789_SleepOut
                0x00000000080014e4       0x14 ./Core/Display/st7789.o
                0x00000000080014e4                ST7789_SleepOut
 .text.__NVIC_GetPriorityGrouping
                0x00000000080014f8       0x1c ./Core/Src/main.o
 .text.__NVIC_EnableIRQ
                0x0000000008001514       0x3c ./Core/Src/main.o
 .text.__NVIC_SetPriority
                0x0000000008001550       0x54 ./Core/Src/main.o
 .text.NVIC_EncodePriority
                0x00000000080015a4       0x66 ./Core/Src/main.o
 *fill*         0x000000000800160a        0x2 
 .text.SysTick_Config
                0x000000000800160c       0x44 ./Core/Src/main.o
 .text.LL_DMA_SetDataTransferDirection
                0x0000000008001650       0x48 ./Core/Src/main.o
 .text.LL_DMA_SetMode
                0x0000000008001698       0x48 ./Core/Src/main.o
 .text.LL_DMA_SetPeriphIncMode
                0x00000000080016e0       0x48 ./Core/Src/main.o
 .text.LL_DMA_SetMemoryIncMode
                0x0000000008001728       0x48 ./Core/Src/main.o
 .text.LL_DMA_SetPeriphSize
                0x0000000008001770       0x48 ./Core/Src/main.o
 .text.LL_DMA_SetMemorySize
                0x00000000080017b8       0x48 ./Core/Src/main.o
 .text.LL_DMA_SetStreamPriorityLevel
                0x0000000008001800       0x48 ./Core/Src/main.o
 .text.LL_DMA_SetChannelSelection
                0x0000000008001848       0x48 ./Core/Src/main.o
 .text.LL_DMA_DisableFifoMode
                0x0000000008001890       0x40 ./Core/Src/main.o
 .text.LL_RCC_HSE_EnableCSS
                0x00000000080018d0       0x20 ./Core/Src/main.o
 .text.LL_RCC_HSE_Enable
                0x00000000080018f0       0x20 ./Core/Src/main.o
 .text.LL_RCC_HSE_IsReady
                0x0000000008001910       0x28 ./Core/Src/main.o
 .text.LL_RCC_SetSysClkSource
                0x0000000008001938       0x28 ./Core/Src/main.o
 .text.LL_RCC_GetSysClkSource
                0x0000000008001960       0x1c ./Core/Src/main.o
 .text.LL_RCC_SetAHBPrescaler
                0x000000000800197c       0x28 ./Core/Src/main.o
 .text.LL_RCC_SetAPB1Prescaler
                0x00000000080019a4       0x28 ./Core/Src/main.o
 .text.LL_RCC_SetAPB2Prescaler
                0x00000000080019cc       0x28 ./Core/Src/main.o
 .text.LL_RCC_SetTIMPrescaler
                0x00000000080019f4       0x2c ./Core/Src/main.o
 .text.LL_RCC_PLL_Enable
                0x0000000008001a20       0x20 ./Core/Src/main.o
 .text.LL_RCC_PLL_IsReady
                0x0000000008001a40       0x28 ./Core/Src/main.o
 .text.LL_RCC_PLL_ConfigDomain_SYS
                0x0000000008001a68       0x4c ./Core/Src/main.o
 .text.LL_AHB1_GRP1_EnableClock
                0x0000000008001ab4       0x30 ./Core/Src/main.o
 .text.LL_APB1_GRP1_EnableClock
                0x0000000008001ae4       0x30 ./Core/Src/main.o
 .text.LL_APB2_GRP1_EnableClock
                0x0000000008001b14       0x30 ./Core/Src/main.o
 .text.LL_SYSCFG_SetEXTISource
                0x0000000008001b44       0x6c ./Core/Src/main.o
 .text.LL_FLASH_SetLatency
                0x0000000008001bb0       0x28 ./Core/Src/main.o
 .text.LL_FLASH_GetLatency
                0x0000000008001bd8       0x1c ./Core/Src/main.o
 .text.LL_PWR_DisableOverDriveMode
                0x0000000008001bf4       0x20 ./Core/Src/main.o
 .text.LL_PWR_SetRegulVoltageScaling
                0x0000000008001c14       0x28 ./Core/Src/main.o
 .text.LL_PWR_IsActiveFlag_VOS
                0x0000000008001c3c       0x28 ./Core/Src/main.o
 .text.LL_SPI_SetStandard
                0x0000000008001c64       0x26 ./Core/Src/main.o
 .text.LL_TIM_DisableARRPreload
                0x0000000008001c8a       0x20 ./Core/Src/main.o
 *fill*         0x0000000008001caa        0x2 
 .text.LL_TIM_OC_DisableFast
                0x0000000008001cac       0x8c ./Core/Src/main.o
 .text.LL_TIM_OC_EnablePreload
                0x0000000008001d38       0x88 ./Core/Src/main.o
 .text.LL_TIM_SetClockSource
                0x0000000008001dc0       0x2a ./Core/Src/main.o
 .text.LL_TIM_SetTriggerOutput
                0x0000000008001dea       0x26 ./Core/Src/main.o
 .text.LL_TIM_DisableMasterSlaveMode
                0x0000000008001e10       0x20 ./Core/Src/main.o
 .text.LL_GPIO_SetPinMode
                0x0000000008001e30       0x7a ./Core/Src/main.o
 .text.LL_GPIO_SetPinPull
                0x0000000008001eaa       0x7a ./Core/Src/main.o
 .text.LL_GPIO_ResetOutputPin
                0x0000000008001f24       0x1e ./Core/Src/main.o
 *fill*         0x0000000008001f42        0x2 
 .text.main     0x0000000008001f44      0x184 ./Core/Src/main.o
                0x0000000008001f44                main
 .text.SystemClock_Config
                0x00000000080020c8       0xac ./Core/Src/main.o
                0x00000000080020c8                SystemClock_Config
 .text.MX_I2C3_Init
                0x0000000008002174       0x80 ./Core/Src/main.o
 .text.MX_SPI3_Init
                0x00000000080021f4      0x138 ./Core/Src/main.o
 .text.MX_TIM1_Init
                0x000000000800232c       0x64 ./Core/Src/main.o
 .text.MX_TIM3_Init
                0x0000000008002390       0xd8 ./Core/Src/main.o
 .text.MX_DMA_Init
                0x0000000008002468       0x30 ./Core/Src/main.o
 .text.MX_GPIO_Init
                0x0000000008002498      0x4ec ./Core/Src/main.o
 .text.HAL_TIM_PeriodElapsedCallback
                0x0000000008002984       0x24 ./Core/Src/main.o
                0x0000000008002984                HAL_TIM_PeriodElapsedCallback
 .text.Error_Handler
                0x00000000080029a8        0xa ./Core/Src/main.o
                0x00000000080029a8                Error_Handler
 *fill*         0x00000000080029b2        0x2 
 .text.HAL_MspInit
                0x00000000080029b4       0x50 ./Core/Src/stm32f4xx_hal_msp.o
                0x00000000080029b4                HAL_MspInit
 .text.HAL_I2C_MspInit
                0x0000000008002a04       0xd4 ./Core/Src/stm32f4xx_hal_msp.o
                0x0000000008002a04                HAL_I2C_MspInit
 .text.HAL_InitTick
                0x0000000008002ad8       0xf8 ./Core/Src/stm32f4xx_hal_timebase_tim.o
                0x0000000008002ad8                HAL_InitTick
 .text.NMI_Handler
                0x0000000008002bd0        0x6 ./Core/Src/stm32f4xx_it.o
                0x0000000008002bd0                NMI_Handler
 .text.HardFault_Handler
                0x0000000008002bd6        0x6 ./Core/Src/stm32f4xx_it.o
                0x0000000008002bd6                HardFault_Handler
 .text.MemManage_Handler
                0x0000000008002bdc        0x6 ./Core/Src/stm32f4xx_it.o
                0x0000000008002bdc                MemManage_Handler
 .text.BusFault_Handler
                0x0000000008002be2        0x6 ./Core/Src/stm32f4xx_it.o
                0x0000000008002be2                BusFault_Handler
 .text.UsageFault_Handler
                0x0000000008002be8        0x6 ./Core/Src/stm32f4xx_it.o
                0x0000000008002be8                UsageFault_Handler
 .text.SVC_Handler
                0x0000000008002bee        0xe ./Core/Src/stm32f4xx_it.o
                0x0000000008002bee                SVC_Handler
 .text.DebugMon_Handler
                0x0000000008002bfc        0xe ./Core/Src/stm32f4xx_it.o
                0x0000000008002bfc                DebugMon_Handler
 .text.PendSV_Handler
                0x0000000008002c0a        0xe ./Core/Src/stm32f4xx_it.o
                0x0000000008002c0a                PendSV_Handler
 .text.SysTick_Handler
                0x0000000008002c18       0x1c ./Core/Src/stm32f4xx_it.o
                0x0000000008002c18                SysTick_Handler
 .text.DMA1_Stream5_IRQHandler
                0x0000000008002c34       0x14 ./Core/Src/stm32f4xx_it.o
                0x0000000008002c34                DMA1_Stream5_IRQHandler
 .text.TIM6_DAC_IRQHandler
                0x0000000008002c48       0x14 ./Core/Src/stm32f4xx_it.o
                0x0000000008002c48                TIM6_DAC_IRQHandler
 .text.SystemInit
                0x0000000008002c5c       0x24 ./Core/Src/system_stm32f4xx.o
                0x0000000008002c5c                SystemInit
 .text.Reset_Handler
                0x0000000008002c80       0x50 ./Core/Startup/startup_stm32f429zitx.o
                0x0000000008002c80                Reset_Handler
 .text.Default_Handler
                0x0000000008002cd0        0x2 ./Core/Startup/startup_stm32f429zitx.o
                0x0000000008002cd0                RTC_Alarm_IRQHandler
                0x0000000008002cd0                HASH_RNG_IRQHandler
                0x0000000008002cd0                EXTI2_IRQHandler
                0x0000000008002cd0                TIM8_CC_IRQHandler
                0x0000000008002cd0                UART8_IRQHandler
                0x0000000008002cd0                SPI4_IRQHandler
                0x0000000008002cd0                TIM1_CC_IRQHandler
                0x0000000008002cd0                DMA2_Stream5_IRQHandler
                0x0000000008002cd0                PVD_IRQHandler
                0x0000000008002cd0                SDIO_IRQHandler
                0x0000000008002cd0                TAMP_STAMP_IRQHandler
                0x0000000008002cd0                CAN2_RX1_IRQHandler
                0x0000000008002cd0                EXTI3_IRQHandler
                0x0000000008002cd0                TIM8_TRG_COM_TIM14_IRQHandler
                0x0000000008002cd0                TIM1_UP_TIM10_IRQHandler
                0x0000000008002cd0                TIM8_UP_TIM13_IRQHandler
                0x0000000008002cd0                I2C3_ER_IRQHandler
                0x0000000008002cd0                EXTI0_IRQHandler
                0x0000000008002cd0                I2C2_EV_IRQHandler
                0x0000000008002cd0                DMA1_Stream2_IRQHandler
                0x0000000008002cd0                CAN1_RX0_IRQHandler
                0x0000000008002cd0                FPU_IRQHandler
                0x0000000008002cd0                OTG_HS_WKUP_IRQHandler
                0x0000000008002cd0                LTDC_ER_IRQHandler
                0x0000000008002cd0                CAN2_SCE_IRQHandler
                0x0000000008002cd0                DMA2_Stream2_IRQHandler
                0x0000000008002cd0                SPI1_IRQHandler
                0x0000000008002cd0                TIM1_BRK_TIM9_IRQHandler
                0x0000000008002cd0                DCMI_IRQHandler
                0x0000000008002cd0                CAN2_RX0_IRQHandler
                0x0000000008002cd0                DMA2_Stream3_IRQHandler
                0x0000000008002cd0                USART6_IRQHandler
                0x0000000008002cd0                USART3_IRQHandler
                0x0000000008002cd0                CAN1_RX1_IRQHandler
                0x0000000008002cd0                UART5_IRQHandler
                0x0000000008002cd0                DMA2_Stream0_IRQHandler
                0x0000000008002cd0                TIM4_IRQHandler
                0x0000000008002cd0                I2C1_EV_IRQHandler
                0x0000000008002cd0                DMA1_Stream6_IRQHandler
                0x0000000008002cd0                DMA1_Stream1_IRQHandler
                0x0000000008002cd0                UART4_IRQHandler
                0x0000000008002cd0                TIM3_IRQHandler
                0x0000000008002cd0                RCC_IRQHandler
                0x0000000008002cd0                TIM8_BRK_TIM12_IRQHandler
                0x0000000008002cd0                Default_Handler
                0x0000000008002cd0                EXTI15_10_IRQHandler
                0x0000000008002cd0                ADC_IRQHandler
                0x0000000008002cd0                DMA1_Stream7_IRQHandler
                0x0000000008002cd0                SPI5_IRQHandler
                0x0000000008002cd0                TIM7_IRQHandler
                0x0000000008002cd0                CAN2_TX_IRQHandler
                0x0000000008002cd0                TIM5_IRQHandler
                0x0000000008002cd0                DMA2_Stream7_IRQHandler
                0x0000000008002cd0                I2C3_EV_IRQHandler
                0x0000000008002cd0                EXTI9_5_IRQHandler
                0x0000000008002cd0                RTC_WKUP_IRQHandler
                0x0000000008002cd0                LTDC_IRQHandler
                0x0000000008002cd0                ETH_WKUP_IRQHandler
                0x0000000008002cd0                SPI2_IRQHandler
                0x0000000008002cd0                OTG_HS_EP1_IN_IRQHandler
                0x0000000008002cd0                DMA1_Stream0_IRQHandler
                0x0000000008002cd0                CAN1_TX_IRQHandler
                0x0000000008002cd0                EXTI4_IRQHandler
                0x0000000008002cd0                ETH_IRQHandler
                0x0000000008002cd0                OTG_HS_EP1_OUT_IRQHandler
                0x0000000008002cd0                WWDG_IRQHandler
                0x0000000008002cd0                SPI6_IRQHandler
                0x0000000008002cd0                TIM2_IRQHandler
                0x0000000008002cd0                OTG_FS_WKUP_IRQHandler
                0x0000000008002cd0                TIM1_TRG_COM_TIM11_IRQHandler
                0x0000000008002cd0                OTG_HS_IRQHandler
                0x0000000008002cd0                DMA2D_IRQHandler
                0x0000000008002cd0                EXTI1_IRQHandler
                0x0000000008002cd0                UART7_IRQHandler
                0x0000000008002cd0                USART2_IRQHandler
                0x0000000008002cd0                I2C2_ER_IRQHandler
                0x0000000008002cd0                DMA2_Stream1_IRQHandler
                0x0000000008002cd0                CAN1_SCE_IRQHandler
                0x0000000008002cd0                FLASH_IRQHandler
                0x0000000008002cd0                DMA2_Stream4_IRQHandler
                0x0000000008002cd0                USART1_IRQHandler
                0x0000000008002cd0                OTG_FS_IRQHandler
                0x0000000008002cd0                SPI3_IRQHandler
                0x0000000008002cd0                DMA1_Stream4_IRQHandler
                0x0000000008002cd0                I2C1_ER_IRQHandler
                0x0000000008002cd0                FMC_IRQHandler
                0x0000000008002cd0                DMA2_Stream6_IRQHandler
                0x0000000008002cd0                SAI1_IRQHandler
                0x0000000008002cd0                DMA1_Stream3_IRQHandler
 *fill*         0x0000000008002cd2        0x2 
 .text.HAL_Init
                0x0000000008002cd4       0x44 ./Drivers/STM32F4xx_HAL_Driver/Src/stm32f4xx_hal.o
                0x0000000008002cd4                HAL_Init
 .text.HAL_IncTick
                0x0000000008002d18       0x28 ./Drivers/STM32F4xx_HAL_Driver/Src/stm32f4xx_hal.o
                0x0000000008002d18                HAL_IncTick
 .text.__NVIC_SetPriorityGrouping
                0x0000000008002d40       0x48 ./Drivers/STM32F4xx_HAL_Driver/Src/stm32f4xx_hal_cortex.o
 .text.__NVIC_GetPriorityGrouping
                0x0000000008002d88       0x1c ./Drivers/STM32F4xx_HAL_Driver/Src/stm32f4xx_hal_cortex.o
 .text.__NVIC_EnableIRQ
                0x0000000008002da4       0x3c ./Drivers/STM32F4xx_HAL_Driver/Src/stm32f4xx_hal_cortex.o
 .text.__NVIC_SetPriority
                0x0000000008002de0       0x54 ./Drivers/STM32F4xx_HAL_Driver/Src/stm32f4xx_hal_cortex.o
 .text.NVIC_EncodePriority
                0x0000000008002e34       0x66 ./Drivers/STM32F4xx_HAL_Driver/Src/stm32f4xx_hal_cortex.o
 .text.HAL_NVIC_SetPriorityGrouping
                0x0000000008002e9a       0x16 ./Drivers/STM32F4xx_HAL_Driver/Src/stm32f4xx_hal_cortex.o
                0x0000000008002e9a                HAL_NVIC_SetPriorityGrouping
 .text.HAL_NVIC_SetPriority
                0x0000000008002eb0       0x38 ./Drivers/STM32F4xx_HAL_Driver/Src/stm32f4xx_hal_cortex.o
                0x0000000008002eb0                HAL_NVIC_SetPriority
 .text.HAL_NVIC_EnableIRQ
                0x0000000008002ee8       0x1c ./Drivers/STM32F4xx_HAL_Driver/Src/stm32f4xx_hal_cortex.o
                0x0000000008002ee8                HAL_NVIC_EnableIRQ
 .text.HAL_GPIO_Init
                0x0000000008002f04      0x358 ./Drivers/STM32F4xx_HAL_Driver/Src/stm32f4xx_hal_gpio.o
                0x0000000008002f04                HAL_GPIO_Init
 .text.HAL_I2C_Init
                0x000000000800325c      0x288 ./Drivers/STM32F4xx_HAL_Driver/Src/stm32f4xx_hal_i2c.o
                0x000000000800325c                HAL_I2C_Init
 .text.HAL_I2CEx_ConfigAnalogFilter
                0x00000000080034e4       0x78 ./Drivers/STM32F4xx_HAL_Driver/Src/stm32f4xx_hal_i2c_ex.o
                0x00000000080034e4                HAL_I2CEx_ConfigAnalogFilter
 .text.HAL_I2CEx_ConfigDigitalFilter
                0x000000000800355c       0x7e ./Drivers/STM32F4xx_HAL_Driver/Src/stm32f4xx_hal_i2c_ex.o
                0x000000000800355c                HAL_I2CEx_ConfigDigitalFilter
 *fill*         0x00000000080035da        0x2 
 .text.HAL_RCC_GetHCLKFreq
                0x00000000080035dc       0x18 ./Drivers/STM32F4xx_HAL_Driver/Src/stm32f4xx_hal_rcc.o
                0x00000000080035dc                HAL_RCC_GetHCLKFreq
 .text.HAL_RCC_GetPCLK1Freq
                0x00000000080035f4       0x28 ./Drivers/STM32F4xx_HAL_Driver/Src/stm32f4xx_hal_rcc.o
                0x00000000080035f4                HAL_RCC_GetPCLK1Freq
 .text.HAL_RCC_GetClockConfig
                0x000000000800361c       0x64 ./Drivers/STM32F4xx_HAL_Driver/Src/stm32f4xx_hal_rcc.o
                0x000000000800361c                HAL_RCC_GetClockConfig
 .text.HAL_TIM_Base_Init
                0x0000000008003680       0x9e ./Drivers/STM32F4xx_HAL_Driver/Src/stm32f4xx_hal_tim.o
                0x0000000008003680                HAL_TIM_Base_Init
 .text.HAL_TIM_Base_MspInit
                0x000000000800371e       0x14 ./Drivers/STM32F4xx_HAL_Driver/Src/stm32f4xx_hal_tim.o
                0x000000000800371e                HAL_TIM_Base_MspInit
 *fill*         0x0000000008003732        0x2 
 .text.HAL_TIM_Base_Start_IT
                0x0000000008003734       0xe0 ./Drivers/STM32F4xx_HAL_Driver/Src/stm32f4xx_hal_tim.o
                0x0000000008003734                HAL_TIM_Base_Start_IT
 .text.HAL_TIM_IRQHandler
                0x0000000008003814      0x1e0 ./Drivers/STM32F4xx_HAL_Driver/Src/stm32f4xx_hal_tim.o
                0x0000000008003814                HAL_TIM_IRQHandler
 .text.HAL_TIM_OC_DelayElapsedCallback
                0x00000000080039f4       0x14 ./Drivers/STM32F4xx_HAL_Driver/Src/stm32f4xx_hal_tim.o
                0x00000000080039f4                HAL_TIM_OC_DelayElapsedCallback
 .text.HAL_TIM_IC_CaptureCallback
                0x0000000008003a08       0x14 ./Drivers/STM32F4xx_HAL_Driver/Src/stm32f4xx_hal_tim.o
                0x0000000008003a08                HAL_TIM_IC_CaptureCallback
 .text.HAL_TIM_PWM_PulseFinishedCallback
                0x0000000008003a1c       0x14 ./Drivers/STM32F4xx_HAL_Driver/Src/stm32f4xx_hal_tim.o
                0x0000000008003a1c                HAL_TIM_PWM_PulseFinishedCallback
 .text.HAL_TIM_TriggerCallback
                0x0000000008003a30       0x14 ./Drivers/STM32F4xx_HAL_Driver/Src/stm32f4xx_hal_tim.o
                0x0000000008003a30                HAL_TIM_TriggerCallback
 .text.TIM_Base_SetConfig
                0x0000000008003a44      0x158 ./Drivers/STM32F4xx_HAL_Driver/Src/stm32f4xx_hal_tim.o
                0x0000000008003a44                TIM_Base_SetConfig
 .text.HAL_TIMEx_CommutCallback
                0x0000000008003b9c       0x14 ./Drivers/STM32F4xx_HAL_Driver/Src/stm32f4xx_hal_tim_ex.o
                0x0000000008003b9c                HAL_TIMEx_CommutCallback
 .text.HAL_TIMEx_BreakCallback
                0x0000000008003bb0       0x14 ./Drivers/STM32F4xx_HAL_Driver/Src/stm32f4xx_hal_tim_ex.o
                0x0000000008003bb0                HAL_TIMEx_BreakCallback
 .text.LL_EXTI_EnableIT_0_31
                0x0000000008003bc4       0x24 ./Drivers/STM32F4xx_HAL_Driver/Src/stm32f4xx_ll_exti.o
 .text.LL_EXTI_DisableIT_0_31
                0x0000000008003be8       0x28 ./Drivers/STM32F4xx_HAL_Driver/Src/stm32f4xx_ll_exti.o
 .text.LL_EXTI_EnableEvent_0_31
                0x0000000008003c10       0x24 ./Drivers/STM32F4xx_HAL_Driver/Src/stm32f4xx_ll_exti.o
 .text.LL_EXTI_DisableEvent_0_31
                0x0000000008003c34       0x28 ./Drivers/STM32F4xx_HAL_Driver/Src/stm32f4xx_ll_exti.o
 .text.LL_EXTI_EnableRisingTrig_0_31
                0x0000000008003c5c       0x24 ./Drivers/STM32F4xx_HAL_Driver/Src/stm32f4xx_ll_exti.o
 .text.LL_EXTI_DisableRisingTrig_0_31
                0x0000000008003c80       0x28 ./Drivers/STM32F4xx_HAL_Driver/Src/stm32f4xx_ll_exti.o
 .text.LL_EXTI_EnableFallingTrig_0_31
                0x0000000008003ca8       0x24 ./Drivers/STM32F4xx_HAL_Driver/Src/stm32f4xx_ll_exti.o
 .text.LL_EXTI_DisableFallingTrig_0_31
                0x0000000008003ccc       0x28 ./Drivers/STM32F4xx_HAL_Driver/Src/stm32f4xx_ll_exti.o
 .text.LL_EXTI_Init
                0x0000000008003cf4      0x102 ./Drivers/STM32F4xx_HAL_Driver/Src/stm32f4xx_ll_exti.o
                0x0000000008003cf4                LL_EXTI_Init
 .text.LL_GPIO_SetPinMode
                0x0000000008003df6       0x7a ./Drivers/STM32F4xx_HAL_Driver/Src/stm32f4xx_ll_gpio.o
 .text.LL_GPIO_SetPinOutputType
                0x0000000008003e70       0x30 ./Drivers/STM32F4xx_HAL_Driver/Src/stm32f4xx_ll_gpio.o
 .text.LL_GPIO_SetPinSpeed
                0x0000000008003ea0       0x7a ./Drivers/STM32F4xx_HAL_Driver/Src/stm32f4xx_ll_gpio.o
 .text.LL_GPIO_SetPinPull
                0x0000000008003f1a       0x7a ./Drivers/STM32F4xx_HAL_Driver/Src/stm32f4xx_ll_gpio.o
 .text.LL_GPIO_SetAFPin_0_7
                0x0000000008003f94       0x7a ./Drivers/STM32F4xx_HAL_Driver/Src/stm32f4xx_ll_gpio.o
 .text.LL_GPIO_SetAFPin_8_15
                0x000000000800400e       0x7e ./Drivers/STM32F4xx_HAL_Driver/Src/stm32f4xx_ll_gpio.o
 .text.LL_GPIO_Init
                0x000000000800408c      0x102 ./Drivers/STM32F4xx_HAL_Driver/Src/stm32f4xx_ll_gpio.o
                0x000000000800408c                LL_GPIO_Init
 .text.LL_SPI_IsEnabled
                0x000000000800418e       0x26 ./Drivers/STM32F4xx_HAL_Driver/Src/stm32f4xx_ll_spi.o
 .text.LL_SPI_SetCRCPolynomial
                0x00000000080041b4       0x20 ./Drivers/STM32F4xx_HAL_Driver/Src/stm32f4xx_ll_spi.o
 .text.LL_SPI_Init
                0x00000000080041d4       0xa4 ./Drivers/STM32F4xx_HAL_Driver/Src/stm32f4xx_ll_spi.o
                0x00000000080041d4                LL_SPI_Init
 .text.LL_TIM_SetPrescaler
                0x0000000008004278       0x1c ./Drivers/STM32F4xx_HAL_Driver/Src/stm32f4xx_ll_tim.o
 .text.LL_TIM_SetAutoReload
                0x0000000008004294       0x1c ./Drivers/STM32F4xx_HAL_Driver/Src/stm32f4xx_ll_tim.o
 .text.LL_TIM_SetRepetitionCounter
                0x00000000080042b0       0x1c ./Drivers/STM32F4xx_HAL_Driver/Src/stm32f4xx_ll_tim.o
 .text.LL_TIM_OC_SetCompareCH1
                0x00000000080042cc       0x1c ./Drivers/STM32F4xx_HAL_Driver/Src/stm32f4xx_ll_tim.o
 .text.LL_TIM_OC_SetCompareCH2
                0x00000000080042e8       0x1c ./Drivers/STM32F4xx_HAL_Driver/Src/stm32f4xx_ll_tim.o
 .text.LL_TIM_OC_SetCompareCH3
                0x0000000008004304       0x1c ./Drivers/STM32F4xx_HAL_Driver/Src/stm32f4xx_ll_tim.o
 .text.LL_TIM_OC_SetCompareCH4
                0x0000000008004320       0x1c ./Drivers/STM32F4xx_HAL_Driver/Src/stm32f4xx_ll_tim.o
 .text.LL_TIM_GenerateEvent_UPDATE
                0x000000000800433c       0x20 ./Drivers/STM32F4xx_HAL_Driver/Src/stm32f4xx_ll_tim.o
 .text.LL_TIM_Init
                0x000000000800435c      0x134 ./Drivers/STM32F4xx_HAL_Driver/Src/stm32f4xx_ll_tim.o
                0x000000000800435c                LL_TIM_Init
 .text.LL_TIM_OC_Init
                0x0000000008004490       0x82 ./Drivers/STM32F4xx_HAL_Driver/Src/stm32f4xx_ll_tim.o
                0x0000000008004490                LL_TIM_OC_Init
 *fill*         0x0000000008004512        0x2 
 .text.OC1Config
                0x0000000008004514       0xd8 ./Drivers/STM32F4xx_HAL_Driver/Src/stm32f4xx_ll_tim.o
 .text.OC2Config
                0x00000000080045ec       0xe0 ./Drivers/STM32F4xx_HAL_Driver/Src/stm32f4xx_ll_tim.o
 .text.OC3Config
                0x00000000080046cc       0xe0 ./Drivers/STM32F4xx_HAL_Driver/Src/stm32f4xx_ll_tim.o
 .text.OC4Config
                0x00000000080047ac       0xb0 ./Drivers/STM32F4xx_HAL_Driver/Src/stm32f4xx_ll_tim.o
 .text.LL_mDelay
                0x000000000800485c       0x4c ./Drivers/STM32F4xx_HAL_Driver/Src/stm32f4xx_ll_utils.o
                0x000000000800485c                LL_mDelay
 .text.LL_SetSystemCoreClock
                0x00000000080048a8       0x20 ./Drivers/STM32F4xx_HAL_Driver/Src/stm32f4xx_ll_utils.o
                0x00000000080048a8                LL_SetSystemCoreClock
 .text.__libc_init_array
                0x00000000080048c8       0x48 c:/st/stm32cubeide_1.10.1/stm32cubeide/plugins/com.st.stm32cube.ide.mcu.externaltools.gnu-tools-for-stm32.10.3-2021.10.win32_1.0.0.202111181127/tools/bin/../lib/gcc/arm-none-eabi/10.3.1/../../../../arm-none-eabi/lib/thumb/v7e-m+fp/hard\libc_nano.a(lib_a-init.o)
                0x00000000080048c8                __libc_init_array
 .text.memset   0x0000000008004910       0x10 c:/st/stm32cubeide_1.10.1/stm32cubeide/plugins/com.st.stm32cube.ide.mcu.externaltools.gnu-tools-for-stm32.10.3-2021.10.win32_1.0.0.202111181127/tools/bin/../lib/gcc/arm-none-eabi/10.3.1/../../../../arm-none-eabi/lib/thumb/v7e-m+fp/hard\libc_nano.a(lib_a-memset.o)
                0x0000000008004910                memset
 *(.glue_7)
 .glue_7        0x0000000008004920        0x0 linker stubs
 *(.glue_7t)
 .glue_7t       0x0000000008004920        0x0 linker stubs
 *(.eh_frame)
 .eh_frame      0x0000000008004920        0x0 c:/st/stm32cubeide_1.10.1/stm32cubeide/plugins/com.st.stm32cube.ide.mcu.externaltools.gnu-tools-for-stm32.10.3-2021.10.win32_1.0.0.202111181127/tools/bin/../lib/gcc/arm-none-eabi/10.3.1/thumb/v7e-m+fp/hard/crtbegin.o
 *(.init)
 .init          0x0000000008004920        0x4 c:/st/stm32cubeide_1.10.1/stm32cubeide/plugins/com.st.stm32cube.ide.mcu.externaltools.gnu-tools-for-stm32.10.3-2021.10.win32_1.0.0.202111181127/tools/bin/../lib/gcc/arm-none-eabi/10.3.1/thumb/v7e-m+fp/hard/crti.o
                0x0000000008004920                _init
 .init          0x0000000008004924        0x8 c:/st/stm32cubeide_1.10.1/stm32cubeide/plugins/com.st.stm32cube.ide.mcu.externaltools.gnu-tools-for-stm32.10.3-2021.10.win32_1.0.0.202111181127/tools/bin/../lib/gcc/arm-none-eabi/10.3.1/thumb/v7e-m+fp/hard/crtn.o
 *(.fini)
 .fini          0x000000000800492c        0x4 c:/st/stm32cubeide_1.10.1/stm32cubeide/plugins/com.st.stm32cube.ide.mcu.externaltools.gnu-tools-for-stm32.10.3-2021.10.win32_1.0.0.202111181127/tools/bin/../lib/gcc/arm-none-eabi/10.3.1/thumb/v7e-m+fp/hard/crti.o
                0x000000000800492c                _fini
 .fini          0x0000000008004930        0x8 c:/st/stm32cubeide_1.10.1/stm32cubeide/plugins/com.st.stm32cube.ide.mcu.externaltools.gnu-tools-for-stm32.10.3-2021.10.win32_1.0.0.202111181127/tools/bin/../lib/gcc/arm-none-eabi/10.3.1/thumb/v7e-m+fp/hard/crtn.o
                0x0000000008004938                . = ALIGN (0x4)
                0x0000000008004938                _etext = .

.vfp11_veneer   0x0000000008004938        0x0
 .vfp11_veneer  0x0000000008004938        0x0 linker stubs

.v4_bx          0x0000000008004938        0x0
 .v4_bx         0x0000000008004938        0x0 linker stubs

.iplt           0x0000000008004938        0x0
 .iplt          0x0000000008004938        0x0 c:/st/stm32cubeide_1.10.1/stm32cubeide/plugins/com.st.stm32cube.ide.mcu.externaltools.gnu-tools-for-stm32.10.3-2021.10.win32_1.0.0.202111181127/tools/bin/../lib/gcc/arm-none-eabi/10.3.1/thumb/v7e-m+fp/hard/crtbegin.o

.rodata         0x0000000008004938     0x2c38
                0x0000000008004938                . = ALIGN (0x4)
 *(.rodata)
 .rodata        0x0000000008004938       0x25 ./Core/Display/display.o
 *fill*         0x000000000800495d        0x3 
 .rodata        0x0000000008004960       0x28 ./Core/Src/main.o
 *(.rodata*)
 .rodata.STREAM_OFFSET_TAB
                0x0000000008004988        0x8 ./Core/Display/display.o
 .rodata.Font15x25
                0x0000000008004990     0x2bc0 ./Core/Display/fonts.o
 .rodata.STREAM_OFFSET_TAB
                0x0000000008007550        0x8 ./Core/Src/main.o
 .rodata.OFFSET_TAB_CCMRx
                0x0000000008007558        0x7 ./Core/Src/main.o
 *fill*         0x000000000800755f        0x1 
 .rodata.SHIFT_TAB_OCxx
                0x0000000008007560        0x7 ./Core/Src/main.o
 *fill*         0x0000000008007567        0x1 
 .rodata.APBPrescTable
                0x0000000008007568        0x8 ./Core/Src/system_stm32f4xx.o
                0x0000000008007568                APBPrescTable
                0x0000000008007570                . = ALIGN (0x4)

.rel.dyn        0x0000000008007570        0x0
 .rel.iplt      0x0000000008007570        0x0 c:/st/stm32cubeide_1.10.1/stm32cubeide/plugins/com.st.stm32cube.ide.mcu.externaltools.gnu-tools-for-stm32.10.3-2021.10.win32_1.0.0.202111181127/tools/bin/../lib/gcc/arm-none-eabi/10.3.1/thumb/v7e-m+fp/hard/crtbegin.o

.ARM.extab      0x0000000008007570        0x0
                0x0000000008007570                . = ALIGN (0x4)
 *(.ARM.extab* .gnu.linkonce.armextab.*)
                0x0000000008007570                . = ALIGN (0x4)

.ARM            0x0000000008007570        0x0
                0x0000000008007570                . = ALIGN (0x4)
                0x0000000008007570                __exidx_start = .
 *(.ARM.exidx*)
                0x0000000008007570                __exidx_end = .
                0x0000000008007570                . = ALIGN (0x4)

.preinit_array  0x0000000008007570        0x0
                0x0000000008007570                . = ALIGN (0x4)
                0x0000000008007570                PROVIDE (__preinit_array_start = .)
 *(.preinit_array*)
                0x0000000008007570                PROVIDE (__preinit_array_end = .)
                0x0000000008007570                . = ALIGN (0x4)

.init_array     0x0000000008007570        0x4
                0x0000000008007570                . = ALIGN (0x4)
                0x0000000008007570                PROVIDE (__init_array_start = .)
 *(SORT_BY_NAME(.init_array.*))
 *(.init_array*)
 .init_array    0x0000000008007570        0x4 c:/st/stm32cubeide_1.10.1/stm32cubeide/plugins/com.st.stm32cube.ide.mcu.externaltools.gnu-tools-for-stm32.10.3-2021.10.win32_1.0.0.202111181127/tools/bin/../lib/gcc/arm-none-eabi/10.3.1/thumb/v7e-m+fp/hard/crtbegin.o
                0x0000000008007574                PROVIDE (__init_array_end = .)
                0x0000000008007574                . = ALIGN (0x4)

.fini_array     0x0000000008007574        0x4
                0x0000000008007574                . = ALIGN (0x4)
                [!provide]                        PROVIDE (__fini_array_start = .)
 *(SORT_BY_NAME(.fini_array.*))
 *(.fini_array*)
 .fini_array    0x0000000008007574        0x4 c:/st/stm32cubeide_1.10.1/stm32cubeide/plugins/com.st.stm32cube.ide.mcu.externaltools.gnu-tools-for-stm32.10.3-2021.10.win32_1.0.0.202111181127/tools/bin/../lib/gcc/arm-none-eabi/10.3.1/thumb/v7e-m+fp/hard/crtbegin.o
                [!provide]                        PROVIDE (__fini_array_end = .)
                0x0000000008007578                . = ALIGN (0x4)
                0x0000000008007578                _sidata = LOADADDR (.data)

.data           0x0000000020000000       0xac load address 0x0000000008007578
                0x0000000020000000                . = ALIGN (0x4)
                0x0000000020000000                _sdata = .
 *(.data)
 *(.data*)
 .data.Font_15x25
                0x0000000020000000        0xc ./Core/Display/fonts.o
                0x0000000020000000                Font_15x25
 .data.st7789_init_str
                0x000000002000000c       0x6d ./Core/Display/st7789.o
                0x000000002000000c                st7789_init_str
 *fill*         0x0000000020000079        0x3 
 .data.st7789_setwin_str
                0x000000002000007c       0x12 ./Core/Display/st7789.o
                0x000000002000007c                st7789_setwin_str
 *fill*         0x000000002000008e        0x2 
 .data.st7789_sleepin_str
                0x0000000020000090        0x6 ./Core/Display/st7789.o
                0x0000000020000090                st7789_sleepin_str
 *fill*         0x0000000020000096        0x2 
 .data.st7789_sleepout_str
                0x0000000020000098        0x6 ./Core/Display/st7789.o
                0x0000000020000098                st7789_sleepout_str
 *fill*         0x000000002000009e        0x2 
 .data.SystemCoreClock
                0x00000000200000a0        0x4 ./Core/Src/system_stm32f4xx.o
                0x00000000200000a0                SystemCoreClock
 .data.uwTickPrio
                0x00000000200000a4        0x4 ./Drivers/STM32F4xx_HAL_Driver/Src/stm32f4xx_hal.o
                0x00000000200000a4                uwTickPrio
 .data.uwTickFreq
                0x00000000200000a8        0x1 ./Drivers/STM32F4xx_HAL_Driver/Src/stm32f4xx_hal.o
                0x00000000200000a8                uwTickFreq
 *(.RamFunc)
 *(.RamFunc*)
                0x00000000200000ac                . = ALIGN (0x4)
 *fill*         0x00000000200000a9        0x3 
                0x00000000200000ac                _edata = .
                0x0000000008007624                _siccmram = LOADADDR (.ccmram)

.igot.plt       0x00000000200000ac        0x0 load address 0x0000000008007624
 .igot.plt      0x00000000200000ac        0x0 c:/st/stm32cubeide_1.10.1/stm32cubeide/plugins/com.st.stm32cube.ide.mcu.externaltools.gnu-tools-for-stm32.10.3-2021.10.win32_1.0.0.202111181127/tools/bin/../lib/gcc/arm-none-eabi/10.3.1/thumb/v7e-m+fp/hard/crtbegin.o

.ccmram         0x0000000010000000        0x0 load address 0x0000000008007624
                0x0000000010000000                . = ALIGN (0x4)
                0x0000000010000000                _sccmram = .
 *(.ccmram)
 *(.ccmram*)
                0x0000000010000000                . = ALIGN (0x4)
                0x0000000010000000                _eccmram = .
                0x0000000010000000                . = ALIGN (0x4)

.bss            0x00000000200000ac       0xc4
                0x00000000200000ac                _sbss = .
                0x00000000200000ac                __bss_start__ = _sbss
 *(.bss)
 .bss           0x00000000200000ac       0x1c c:/st/stm32cubeide_1.10.1/stm32cubeide/plugins/com.st.stm32cube.ide.mcu.externaltools.gnu-tools-for-stm32.10.3-2021.10.win32_1.0.0.202111181127/tools/bin/../lib/gcc/arm-none-eabi/10.3.1/thumb/v7e-m+fp/hard/crtbegin.o
 *(.bss*)
 .bss.LCD       0x00000000200000c8        0x4 ./Core/Display/display.o
                0x00000000200000c8                LCD
 .bss.hi2c3     0x00000000200000cc       0x54 ./Core/Src/main.o
                0x00000000200000cc                hi2c3
 .bss.millis    0x0000000020000120        0x4 ./Core/Src/main.o
                0x0000000020000120                millis
 .bss.htim6     0x0000000020000124       0x48 ./Core/Src/stm32f4xx_hal_timebase_tim.o
                0x0000000020000124                htim6
 .bss.uwTick    0x000000002000016c        0x4 ./Drivers/STM32F4xx_HAL_Driver/Src/stm32f4xx_hal.o
                0x000000002000016c                uwTick
 *(COMMON)
                0x0000000020000170                . = ALIGN (0x4)
                0x0000000020000170                _ebss = .
                0x0000000020000170                __bss_end__ = _ebss

._user_heap_stack
                0x0000000020000170      0x600
                0x0000000020000170                . = ALIGN (0x8)
                [!provide]                        PROVIDE (end = .)
                0x0000000020000170                PROVIDE (_end = .)
                0x0000000020000370                . = (. + _Min_Heap_Size)
 *fill*         0x0000000020000170      0x200 
                0x0000000020000770                . = (. + _Min_Stack_Size)
 *fill*         0x0000000020000370      0x400 
                0x0000000020000770                . = ALIGN (0x8)

/DISCARD/
 libc.a(*)
 libm.a(*)
 libgcc.a(*)

.ARM.attributes
                0x0000000000000000       0x30
 *(.ARM.attributes)
 .ARM.attributes
                0x0000000000000000       0x1e c:/st/stm32cubeide_1.10.1/stm32cubeide/plugins/com.st.stm32cube.ide.mcu.externaltools.gnu-tools-for-stm32.10.3-2021.10.win32_1.0.0.202111181127/tools/bin/../lib/gcc/arm-none-eabi/10.3.1/thumb/v7e-m+fp/hard/crti.o
 .ARM.attributes
                0x000000000000001e       0x34 c:/st/stm32cubeide_1.10.1/stm32cubeide/plugins/com.st.stm32cube.ide.mcu.externaltools.gnu-tools-for-stm32.10.3-2021.10.win32_1.0.0.202111181127/tools/bin/../lib/gcc/arm-none-eabi/10.3.1/thumb/v7e-m+fp/hard/crtbegin.o
 .ARM.attributes
                0x0000000000000052       0x34 ./Core/Display/display.o
 .ARM.attributes
                0x0000000000000086       0x34 ./Core/Display/fonts.o
 .ARM.attributes
                0x00000000000000ba       0x34 ./Core/Display/st7789.o
 .ARM.attributes
                0x00000000000000ee       0x34 ./Core/Src/main.o
 .ARM.attributes
                0x0000000000000122       0x34 ./Core/Src/stm32f4xx_hal_msp.o
 .ARM.attributes
                0x0000000000000156       0x34 ./Core/Src/stm32f4xx_hal_timebase_tim.o
 .ARM.attributes
                0x000000000000018a       0x34 ./Core/Src/stm32f4xx_it.o
 .ARM.attributes
                0x00000000000001be       0x34 ./Core/Src/system_stm32f4xx.o
 .ARM.attributes
                0x00000000000001f2       0x21 ./Core/Startup/startup_stm32f429zitx.o
 .ARM.attributes
                0x0000000000000213       0x34 ./Drivers/STM32F4xx_HAL_Driver/Src/stm32f4xx_hal.o
 .ARM.attributes
                0x0000000000000247       0x34 ./Drivers/STM32F4xx_HAL_Driver/Src/stm32f4xx_hal_cortex.o
 .ARM.attributes
                0x000000000000027b       0x34 ./Drivers/STM32F4xx_HAL_Driver/Src/stm32f4xx_hal_gpio.o
 .ARM.attributes
                0x00000000000002af       0x34 ./Drivers/STM32F4xx_HAL_Driver/Src/stm32f4xx_hal_i2c.o
 .ARM.attributes
                0x00000000000002e3       0x34 ./Drivers/STM32F4xx_HAL_Driver/Src/stm32f4xx_hal_i2c_ex.o
 .ARM.attributes
                0x0000000000000317       0x34 ./Drivers/STM32F4xx_HAL_Driver/Src/stm32f4xx_hal_rcc.o
 .ARM.attributes
                0x000000000000034b       0x34 ./Drivers/STM32F4xx_HAL_Driver/Src/stm32f4xx_hal_tim.o
 .ARM.attributes
                0x000000000000037f       0x34 ./Drivers/STM32F4xx_HAL_Driver/Src/stm32f4xx_hal_tim_ex.o
 .ARM.attributes
                0x00000000000003b3       0x34 ./Drivers/STM32F4xx_HAL_Driver/Src/stm32f4xx_ll_exti.o
 .ARM.attributes
                0x00000000000003e7       0x34 ./Drivers/STM32F4xx_HAL_Driver/Src/stm32f4xx_ll_gpio.o
 .ARM.attributes
                0x000000000000041b       0x34 ./Drivers/STM32F4xx_HAL_Driver/Src/stm32f4xx_ll_spi.o
 .ARM.attributes
                0x000000000000044f       0x34 ./Drivers/STM32F4xx_HAL_Driver/Src/stm32f4xx_ll_tim.o
 .ARM.attributes
                0x0000000000000483       0x34 ./Drivers/STM32F4xx_HAL_Driver/Src/stm32f4xx_ll_utils.o
 .ARM.attributes
                0x00000000000004b7       0x34 c:/st/stm32cubeide_1.10.1/stm32cubeide/plugins/com.st.stm32cube.ide.mcu.externaltools.gnu-tools-for-stm32.10.3-2021.10.win32_1.0.0.202111181127/tools/bin/../lib/gcc/arm-none-eabi/10.3.1/../../../../arm-none-eabi/lib/thumb/v7e-m+fp/hard\libc_nano.a(lib_a-init.o)
 .ARM.attributes
                0x00000000000004eb       0x34 c:/st/stm32cubeide_1.10.1/stm32cubeide/plugins/com.st.stm32cube.ide.mcu.externaltools.gnu-tools-for-stm32.10.3-2021.10.win32_1.0.0.202111181127/tools/bin/../lib/gcc/arm-none-eabi/10.3.1/../../../../arm-none-eabi/lib/thumb/v7e-m+fp/hard\libc_nano.a(lib_a-memset.o)
 .ARM.attributes
                0x000000000000051f       0x1e c:/st/stm32cubeide_1.10.1/stm32cubeide/plugins/com.st.stm32cube.ide.mcu.externaltools.gnu-tools-for-stm32.10.3-2021.10.win32_1.0.0.202111181127/tools/bin/../lib/gcc/arm-none-eabi/10.3.1/thumb/v7e-m+fp/hard/crtn.o
OUTPUT(LCD_ST7789_SPI_DMA_LL.elf elf32-littlearm)
LOAD linker stubs
LOAD c:/st/stm32cubeide_1.10.1/stm32cubeide/plugins/com.st.stm32cube.ide.mcu.externaltools.gnu-tools-for-stm32.10.3-2021.10.win32_1.0.0.202111181127/tools/bin/../lib/gcc/arm-none-eabi/10.3.1/../../../../arm-none-eabi/lib/thumb/v7e-m+fp/hard\libc.a
LOAD c:/st/stm32cubeide_1.10.1/stm32cubeide/plugins/com.st.stm32cube.ide.mcu.externaltools.gnu-tools-for-stm32.10.3-2021.10.win32_1.0.0.202111181127/tools/bin/../lib/gcc/arm-none-eabi/10.3.1/../../../../arm-none-eabi/lib/thumb/v7e-m+fp/hard\libm.a
LOAD c:/st/stm32cubeide_1.10.1/stm32cubeide/plugins/com.st.stm32cube.ide.mcu.externaltools.gnu-tools-for-stm32.10.3-2021.10.win32_1.0.0.202111181127/tools/bin/../lib/gcc/arm-none-eabi/10.3.1/thumb/v7e-m+fp/hard\libgcc.a

.debug_info     0x0000000000000000    0x13a92
 .debug_info    0x0000000000000000     0x1d5e ./Core/Display/display.o
 .debug_info    0x0000000000001d5e      0x28d ./Core/Display/fonts.o
 .debug_info    0x0000000000001feb      0x346 ./Core/Display/st7789.o
 .debug_info    0x0000000000002331     0x2a50 ./Core/Src/main.o
 .debug_info    0x0000000000004d81      0xae2 ./Core/Src/stm32f4xx_hal_msp.o
 .debug_info    0x0000000000005863      0xc9d ./Core/Src/stm32f4xx_hal_timebase_tim.o
 .debug_info    0x0000000000006500      0x893 ./Core/Src/stm32f4xx_it.o
 .debug_info    0x0000000000006d93      0x53f ./Core/Src/system_stm32f4xx.o
 .debug_info    0x00000000000072d2       0x22 ./Core/Startup/startup_stm32f429zitx.o
 .debug_info    0x00000000000072f4      0x9f4 ./Drivers/STM32F4xx_HAL_Driver/Src/stm32f4xx_hal.o
 .debug_info    0x0000000000007ce8      0xe64 ./Drivers/STM32F4xx_HAL_Driver/Src/stm32f4xx_hal_cortex.o
 .debug_info    0x0000000000008b4c      0x786 ./Drivers/STM32F4xx_HAL_Driver/Src/stm32f4xx_hal_gpio.o
 .debug_info    0x00000000000092d2     0x264f ./Drivers/STM32F4xx_HAL_Driver/Src/stm32f4xx_hal_i2c.o
 .debug_info    0x000000000000b921      0x6b6 ./Drivers/STM32F4xx_HAL_Driver/Src/stm32f4xx_hal_i2c_ex.o
 .debug_info    0x000000000000bfd7      0x982 ./Drivers/STM32F4xx_HAL_Driver/Src/stm32f4xx_hal_rcc.o
 .debug_info    0x000000000000c959     0x2c17 ./Drivers/STM32F4xx_HAL_Driver/Src/stm32f4xx_hal_tim.o
 .debug_info    0x000000000000f570     0x160f ./Drivers/STM32F4xx_HAL_Driver/Src/stm32f4xx_hal_tim_ex.o
 .debug_info    0x0000000000010b7f      0x366 ./Drivers/STM32F4xx_HAL_Driver/Src/stm32f4xx_ll_exti.o
 .debug_info    0x0000000000010ee5      0x9ea ./Drivers/STM32F4xx_HAL_Driver/Src/stm32f4xx_ll_gpio.o
 .debug_info    0x00000000000118cf      0x828 ./Drivers/STM32F4xx_HAL_Driver/Src/stm32f4xx_ll_spi.o
 .debug_info    0x00000000000120f7      0xff7 ./Drivers/STM32F4xx_HAL_Driver/Src/stm32f4xx_ll_tim.o
 .debug_info    0x00000000000130ee      0x9a4 ./Drivers/STM32F4xx_HAL_Driver/Src/stm32f4xx_ll_utils.o

.debug_abbrev   0x0000000000000000     0x2c08
 .debug_abbrev  0x0000000000000000      0x34c ./Core/Display/display.o
 .debug_abbrev  0x000000000000034c       0xc7 ./Core/Display/fonts.o
 .debug_abbrev  0x0000000000000413      0x132 ./Core/Display/st7789.o
 .debug_abbrev  0x0000000000000545      0x456 ./Core/Src/main.o
 .debug_abbrev  0x000000000000099b      0x19b ./Core/Src/stm32f4xx_hal_msp.o
 .debug_abbrev  0x0000000000000b36      0x1e6 ./Core/Src/stm32f4xx_hal_timebase_tim.o
 .debug_abbrev  0x0000000000000d1c      0x19e ./Core/Src/stm32f4xx_it.o
 .debug_abbrev  0x0000000000000eba      0x116 ./Core/Src/system_stm32f4xx.o
 .debug_abbrev  0x0000000000000fd0       0x12 ./Core/Startup/startup_stm32f429zitx.o
 .debug_abbrev  0x0000000000000fe2      0x20d ./Drivers/STM32F4xx_HAL_Driver/Src/stm32f4xx_hal.o
 .debug_abbrev  0x00000000000011ef      0x316 ./Drivers/STM32F4xx_HAL_Driver/Src/stm32f4xx_hal_cortex.o
 .debug_abbrev  0x0000000000001505      0x1c4 ./Drivers/STM32F4xx_HAL_Driver/Src/stm32f4xx_hal_gpio.o
 .debug_abbrev  0x00000000000016c9      0x297 ./Drivers/STM32F4xx_HAL_Driver/Src/stm32f4xx_hal_i2c.o
 .debug_abbrev  0x0000000000001960      0x14c ./Drivers/STM32F4xx_HAL_Driver/Src/stm32f4xx_hal_i2c_ex.o
 .debug_abbrev  0x0000000000001aac      0x2aa ./Drivers/STM32F4xx_HAL_Driver/Src/stm32f4xx_hal_rcc.o
 .debug_abbrev  0x0000000000001d56      0x264 ./Drivers/STM32F4xx_HAL_Driver/Src/stm32f4xx_hal_tim.o
 .debug_abbrev  0x0000000000001fba      0x26c ./Drivers/STM32F4xx_HAL_Driver/Src/stm32f4xx_hal_tim_ex.o
 .debug_abbrev  0x0000000000002226      0x183 ./Drivers/STM32F4xx_HAL_Driver/Src/stm32f4xx_ll_exti.o
 .debug_abbrev  0x00000000000023a9      0x223 ./Drivers/STM32F4xx_HAL_Driver/Src/stm32f4xx_ll_gpio.o
 .debug_abbrev  0x00000000000025cc      0x20d ./Drivers/STM32F4xx_HAL_Driver/Src/stm32f4xx_ll_spi.o
 .debug_abbrev  0x00000000000027d9      0x205 ./Drivers/STM32F4xx_HAL_Driver/Src/stm32f4xx_ll_tim.o
 .debug_abbrev  0x00000000000029de      0x22a ./Drivers/STM32F4xx_HAL_Driver/Src/stm32f4xx_ll_utils.o

.debug_aranges  0x0000000000000000     0x1348
 .debug_aranges
                0x0000000000000000      0x160 ./Core/Display/display.o
 .debug_aranges
                0x0000000000000160       0x18 ./Core/Display/fonts.o
 .debug_aranges
                0x0000000000000178       0x40 ./Core/Display/st7789.o
 .debug_aranges
                0x00000000000001b8      0x1d0 ./Core/Src/main.o
 .debug_aranges
                0x0000000000000388       0x30 ./Core/Src/stm32f4xx_hal_msp.o
 .debug_aranges
                0x00000000000003b8       0x30 ./Core/Src/stm32f4xx_hal_timebase_tim.o
 .debug_aranges
                0x00000000000003e8       0x70 ./Core/Src/stm32f4xx_it.o
 .debug_aranges
                0x0000000000000458       0x28 ./Core/Src/system_stm32f4xx.o
 .debug_aranges
                0x0000000000000480       0x28 ./Core/Startup/startup_stm32f429zitx.o
 .debug_aranges
                0x00000000000004a8      0x100 ./Drivers/STM32F4xx_HAL_Driver/Src/stm32f4xx_hal.o
 .debug_aranges
                0x00000000000005a8      0x120 ./Drivers/STM32F4xx_HAL_Driver/Src/stm32f4xx_hal_cortex.o
 .debug_aranges
                0x00000000000006c8       0x58 ./Drivers/STM32F4xx_HAL_Driver/Src/stm32f4xx_hal_gpio.o
 .debug_aranges
                0x0000000000000720      0x2a8 ./Drivers/STM32F4xx_HAL_Driver/Src/stm32f4xx_hal_i2c.o
 .debug_aranges
                0x00000000000009c8       0x28 ./Drivers/STM32F4xx_HAL_Driver/Src/stm32f4xx_hal_i2c_ex.o
 .debug_aranges
                0x00000000000009f0       0x88 ./Drivers/STM32F4xx_HAL_Driver/Src/stm32f4xx_hal_rcc.o
 .debug_aranges
                0x0000000000000a78      0x3d0 ./Drivers/STM32F4xx_HAL_Driver/Src/stm32f4xx_hal_tim.o
 .debug_aranges
                0x0000000000000e48      0x168 ./Drivers/STM32F4xx_HAL_Driver/Src/stm32f4xx_hal_tim_ex.o
 .debug_aranges
                0x0000000000000fb0       0x70 ./Drivers/STM32F4xx_HAL_Driver/Src/stm32f4xx_ll_exti.o
 .debug_aranges
                0x0000000000001020       0x70 ./Drivers/STM32F4xx_HAL_Driver/Src/stm32f4xx_ll_gpio.o
 .debug_aranges
                0x0000000000001090       0x90 ./Drivers/STM32F4xx_HAL_Driver/Src/stm32f4xx_ll_spi.o
 .debug_aranges
                0x0000000000001120      0x128 ./Drivers/STM32F4xx_HAL_Driver/Src/stm32f4xx_ll_tim.o
 .debug_aranges
                0x0000000000001248      0x100 ./Drivers/STM32F4xx_HAL_Driver/Src/stm32f4xx_ll_utils.o

.debug_ranges   0x0000000000000000     0x1218
 .debug_ranges  0x0000000000000000      0x168 ./Core/Display/display.o
 .debug_ranges  0x0000000000000168       0x30 ./Core/Display/st7789.o
 .debug_ranges  0x0000000000000198      0x1c0 ./Core/Src/main.o
 .debug_ranges  0x0000000000000358       0x20 ./Core/Src/stm32f4xx_hal_msp.o
 .debug_ranges  0x0000000000000378       0x20 ./Core/Src/stm32f4xx_hal_timebase_tim.o
 .debug_ranges  0x0000000000000398       0x60 ./Core/Src/stm32f4xx_it.o
 .debug_ranges  0x00000000000003f8       0x18 ./Core/Src/system_stm32f4xx.o
 .debug_ranges  0x0000000000000410       0x20 ./Core/Startup/startup_stm32f429zitx.o
 .debug_ranges  0x0000000000000430       0xf0 ./Drivers/STM32F4xx_HAL_Driver/Src/stm32f4xx_hal.o
 .debug_ranges  0x0000000000000520      0x110 ./Drivers/STM32F4xx_HAL_Driver/Src/stm32f4xx_hal_cortex.o
 .debug_ranges  0x0000000000000630       0x48 ./Drivers/STM32F4xx_HAL_Driver/Src/stm32f4xx_hal_gpio.o
 .debug_ranges  0x0000000000000678      0x2b0 ./Drivers/STM32F4xx_HAL_Driver/Src/stm32f4xx_hal_i2c.o
 .debug_ranges  0x0000000000000928       0x18 ./Drivers/STM32F4xx_HAL_Driver/Src/stm32f4xx_hal_i2c_ex.o
 .debug_ranges  0x0000000000000940       0x78 ./Drivers/STM32F4xx_HAL_Driver/Src/stm32f4xx_hal_rcc.o
 .debug_ranges  0x00000000000009b8      0x3c0 ./Drivers/STM32F4xx_HAL_Driver/Src/stm32f4xx_hal_tim.o
 .debug_ranges  0x0000000000000d78      0x158 ./Drivers/STM32F4xx_HAL_Driver/Src/stm32f4xx_hal_tim_ex.o
 .debug_ranges  0x0000000000000ed0       0x60 ./Drivers/STM32F4xx_HAL_Driver/Src/stm32f4xx_ll_exti.o
 .debug_ranges  0x0000000000000f30       0x60 ./Drivers/STM32F4xx_HAL_Driver/Src/stm32f4xx_ll_gpio.o
 .debug_ranges  0x0000000000000f90       0x80 ./Drivers/STM32F4xx_HAL_Driver/Src/stm32f4xx_ll_spi.o
 .debug_ranges  0x0000000000001010      0x118 ./Drivers/STM32F4xx_HAL_Driver/Src/stm32f4xx_ll_tim.o
 .debug_ranges  0x0000000000001128       0xf0 ./Drivers/STM32F4xx_HAL_Driver/Src/stm32f4xx_ll_utils.o

.debug_macro    0x0000000000000000    0x27e7f
 .debug_macro   0x0000000000000000      0x378 ./Core/Display/display.o
 .debug_macro   0x0000000000000378      0xa7e ./Core/Display/display.o
 .debug_macro   0x0000000000000df6      0x29b ./Core/Display/display.o
 .debug_macro   0x0000000000001091       0x2e ./Core/Display/display.o
 .debug_macro   0x00000000000010bf       0x28 ./Core/Display/display.o
 .debug_macro   0x00000000000010e7       0x22 ./Core/Display/display.o
 .debug_macro   0x0000000000001109       0x8e ./Core/Display/display.o
 .debug_macro   0x0000000000001197       0x51 ./Core/Display/display.o
 .debug_macro   0x00000000000011e8      0x103 ./Core/Display/display.o
 .debug_macro   0x00000000000012eb       0x6a ./Core/Display/display.o
 .debug_macro   0x0000000000001355      0x1df ./Core/Display/display.o
 .debug_macro   0x0000000000001534       0x1c ./Core/Display/display.o
 .debug_macro   0x0000000000001550       0x22 ./Core/Display/display.o
 .debug_macro   0x0000000000001572       0xfb ./Core/Display/display.o
 .debug_macro   0x000000000000166d     0x1011 ./Core/Display/display.o
 .debug_macro   0x000000000000267e      0x11f ./Core/Display/display.o
 .debug_macro   0x000000000000279d    0x17fd8 ./Core/Display/display.o
 .debug_macro   0x000000000001a775       0x6d ./Core/Display/display.o
 .debug_macro   0x000000000001a7e2     0x3703 ./Core/Display/display.o
 .debug_macro   0x000000000001dee5      0x174 ./Core/Display/display.o
 .debug_macro   0x000000000001e059       0x5c ./Core/Display/display.o
 .debug_macro   0x000000000001e0b5      0xcba ./Core/Display/display.o
 .debug_macro   0x000000000001ed6f      0x9e9 ./Core/Display/display.o
 .debug_macro   0x000000000001f758      0x115 ./Core/Display/display.o
 .debug_macro   0x000000000001f86d      0x156 ./Core/Display/display.o
 .debug_macro   0x000000000001f9c3       0xa5 ./Core/Display/display.o
 .debug_macro   0x000000000001fa68      0x182 ./Core/Display/display.o
 .debug_macro   0x000000000001fbea      0x287 ./Core/Display/display.o
 .debug_macro   0x000000000001fe71       0x5f ./Core/Display/display.o
 .debug_macro   0x000000000001fed0      0x236 ./Core/Display/display.o
 .debug_macro   0x0000000000020106      0x132 ./Core/Display/display.o
 .debug_macro   0x0000000000020238      0x41d ./Core/Display/display.o
 .debug_macro   0x0000000000020655       0x2e ./Core/Display/display.o
 .debug_macro   0x0000000000020683      0x1b5 ./Core/Display/display.o
 .debug_macro   0x0000000000020838       0x22 ./Core/Display/display.o
 .debug_macro   0x000000000002085a       0xd6 ./Core/Display/display.o
 .debug_macro   0x0000000000020930      0x127 ./Core/Display/display.o
 .debug_macro   0x0000000000020a57       0xe2 ./Core/Display/display.o
 .debug_macro   0x0000000000020b39       0x89 ./Core/Display/display.o
 .debug_macro   0x0000000000020bc2      0x8ed ./Core/Display/display.o
 .debug_macro   0x00000000000214af       0x4d ./Core/Display/display.o
 .debug_macro   0x00000000000214fc      0x134 ./Core/Display/display.o
 .debug_macro   0x0000000000021630      0x1e6 ./Core/Display/display.o
 .debug_macro   0x0000000000021816      0xc74 ./Core/Display/display.o
 .debug_macro   0x000000000002248a      0x21f ./Core/Display/display.o
 .debug_macro   0x00000000000226a9      0x22a ./Core/Display/display.o
 .debug_macro   0x00000000000228d3       0xe8 ./Core/Display/display.o
 .debug_macro   0x00000000000229bb      0x1a6 ./Core/Display/display.o
 .debug_macro   0x0000000000022b61       0x61 ./Core/Display/display.o
 .debug_macro   0x0000000000022bc2       0xc8 ./Core/Display/display.o
 .debug_macro   0x0000000000022c8a      0x23b ./Core/Display/display.o
 .debug_macro   0x0000000000022ec5      0x5f3 ./Core/Display/display.o
 .debug_macro   0x00000000000234b8      0x149 ./Core/Display/display.o
 .debug_macro   0x0000000000023601      0x527 ./Core/Display/display.o
 .debug_macro   0x0000000000023b28       0x94 ./Core/Display/display.o
 .debug_macro   0x0000000000023bbc       0x52 ./Core/Display/display.o
 .debug_macro   0x0000000000023c0e       0x1e ./Core/Display/display.o
 .debug_macro   0x0000000000023c2c       0x3c ./Core/Display/display.o
 .debug_macro   0x0000000000023c68       0x34 ./Core/Display/display.o
 .debug_macro   0x0000000000023c9c       0x16 ./Core/Display/display.o
 .debug_macro   0x0000000000023cb2       0x43 ./Core/Display/display.o
 .debug_macro   0x0000000000023cf5       0x34 ./Core/Display/display.o
 .debug_macro   0x0000000000023d29       0x10 ./Core/Display/display.o
 .debug_macro   0x0000000000023d39       0x58 ./Core/Display/display.o
 .debug_macro   0x0000000000023d91       0x71 ./Core/Display/display.o
 .debug_macro   0x0000000000023e02       0x1c ./Core/Display/display.o
 .debug_macro   0x0000000000023e1e      0x12a ./Core/Display/display.o
 .debug_macro   0x0000000000023f48      0x341 ./Core/Display/display.o
 .debug_macro   0x0000000000024289       0x10 ./Core/Display/display.o
 .debug_macro   0x0000000000024299       0x35 ./Core/Display/display.o
 .debug_macro   0x00000000000242ce       0x20 ./Core/Display/display.o
 .debug_macro   0x00000000000242ee      0x259 ./Core/Display/fonts.o
 .debug_macro   0x0000000000024547      0x277 ./Core/Display/st7789.o
 .debug_macro   0x00000000000247be      0x10c ./Core/Display/st7789.o
 .debug_macro   0x00000000000248ca      0x346 ./Core/Src/main.o
 .debug_macro   0x0000000000024c10      0x112 ./Core/Src/main.o
 .debug_macro   0x0000000000024d22      0x238 ./Core/Src/main.o
 .debug_macro   0x0000000000024f5a       0x16 ./Core/Src/main.o
 .debug_macro   0x0000000000024f70       0x16 ./Core/Src/main.o
 .debug_macro   0x0000000000024f86       0x29 ./Core/Src/main.o
 .debug_macro   0x0000000000024faf      0x24f ./Core/Src/stm32f4xx_hal_msp.o
 .debug_macro   0x00000000000251fe      0x1dd ./Core/Src/stm32f4xx_hal_timebase_tim.o
 .debug_macro   0x00000000000253db      0x272 ./Core/Src/stm32f4xx_it.o
 .debug_macro   0x000000000002564d      0x1dd ./Core/Src/system_stm32f4xx.o
 .debug_macro   0x000000000002582a      0x23d ./Drivers/STM32F4xx_HAL_Driver/Src/stm32f4xx_hal.o
 .debug_macro   0x0000000000025a67      0x1dd ./Drivers/STM32F4xx_HAL_Driver/Src/stm32f4xx_hal_cortex.o
 .debug_macro   0x0000000000025c44      0x1e3 ./Drivers/STM32F4xx_HAL_Driver/Src/stm32f4xx_hal_gpio.o
 .debug_macro   0x0000000000025e27      0x22b ./Drivers/STM32F4xx_HAL_Driver/Src/stm32f4xx_hal_i2c.o
 .debug_macro   0x0000000000026052      0x1dd ./Drivers/STM32F4xx_HAL_Driver/Src/stm32f4xx_hal_i2c_ex.o
 .debug_macro   0x000000000002622f      0x201 ./Drivers/STM32F4xx_HAL_Driver/Src/stm32f4xx_hal_rcc.o
 .debug_macro   0x0000000000026430      0x1de ./Drivers/STM32F4xx_HAL_Driver/Src/stm32f4xx_hal_tim.o
 .debug_macro   0x000000000002660e      0x1dd ./Drivers/STM32F4xx_HAL_Driver/Src/stm32f4xx_hal_tim_ex.o
 .debug_macro   0x00000000000267eb      0x204 ./Drivers/STM32F4xx_HAL_Driver/Src/stm32f4xx_ll_exti.o
 .debug_macro   0x00000000000269ef       0xe2 ./Drivers/STM32F4xx_HAL_Driver/Src/stm32f4xx_ll_exti.o
 .debug_macro   0x0000000000026ad1      0x21f ./Drivers/STM32F4xx_HAL_Driver/Src/stm32f4xx_ll_gpio.o
 .debug_macro   0x0000000000026cf0      0x143 ./Drivers/STM32F4xx_HAL_Driver/Src/stm32f4xx_ll_gpio.o
 .debug_macro   0x0000000000026e33      0x28c ./Drivers/STM32F4xx_HAL_Driver/Src/stm32f4xx_ll_spi.o
 .debug_macro   0x00000000000270bf      0x235 ./Drivers/STM32F4xx_HAL_Driver/Src/stm32f4xx_ll_spi.o
 .debug_macro   0x00000000000272f4      0x268 ./Drivers/STM32F4xx_HAL_Driver/Src/stm32f4xx_ll_tim.o
 .debug_macro   0x000000000002755c      0x5ed ./Drivers/STM32F4xx_HAL_Driver/Src/stm32f4xx_ll_tim.o
 .debug_macro   0x0000000000027b49      0x2db ./Drivers/STM32F4xx_HAL_Driver/Src/stm32f4xx_ll_utils.o
 .debug_macro   0x0000000000027e24       0x5b ./Drivers/STM32F4xx_HAL_Driver/Src/stm32f4xx_ll_utils.o

.debug_line     0x0000000000000000    0x15c2e
 .debug_line    0x0000000000000000     0x1f14 ./Core/Display/display.o
 .debug_line    0x0000000000001f14      0x7d6 ./Core/Display/fonts.o
 .debug_line    0x00000000000026ea      0x8ed ./Core/Display/st7789.o
 .debug_line    0x0000000000002fd7     0x1525 ./Core/Src/main.o
 .debug_line    0x00000000000044fc      0x82f ./Core/Src/stm32f4xx_hal_msp.o
 .debug_line    0x0000000000004d2b      0x750 ./Core/Src/stm32f4xx_hal_timebase_tim.o
 .debug_line    0x000000000000547b      0x919 ./Core/Src/stm32f4xx_it.o
 .debug_line    0x0000000000005d94      0x756 ./Core/Src/system_stm32f4xx.o
 .debug_line    0x00000000000064ea       0x88 ./Core/Startup/startup_stm32f429zitx.o
 .debug_line    0x0000000000006572      0x9f2 ./Drivers/STM32F4xx_HAL_Driver/Src/stm32f4xx_hal.o
 .debug_line    0x0000000000006f64      0xc88 ./Drivers/STM32F4xx_HAL_Driver/Src/stm32f4xx_hal_cortex.o
 .debug_line    0x0000000000007bec      0xb58 ./Drivers/STM32F4xx_HAL_Driver/Src/stm32f4xx_hal_gpio.o
 .debug_line    0x0000000000008744     0x3a11 ./Drivers/STM32F4xx_HAL_Driver/Src/stm32f4xx_hal_i2c.o
 .debug_line    0x000000000000c155      0x74f ./Drivers/STM32F4xx_HAL_Driver/Src/stm32f4xx_hal_i2c_ex.o
 .debug_line    0x000000000000c8a4      0xd38 ./Drivers/STM32F4xx_HAL_Driver/Src/stm32f4xx_hal_rcc.o
 .debug_line    0x000000000000d5dc     0x36e7 ./Drivers/STM32F4xx_HAL_Driver/Src/stm32f4xx_hal_tim.o
 .debug_line    0x0000000000010cc3     0x19af ./Drivers/STM32F4xx_HAL_Driver/Src/stm32f4xx_hal_tim_ex.o
 .debug_line    0x0000000000012672      0x84a ./Drivers/STM32F4xx_HAL_Driver/Src/stm32f4xx_ll_exti.o
 .debug_line    0x0000000000012ebc      0xa25 ./Drivers/STM32F4xx_HAL_Driver/Src/stm32f4xx_ll_gpio.o
 .debug_line    0x00000000000138e1      0x9db ./Drivers/STM32F4xx_HAL_Driver/Src/stm32f4xx_ll_spi.o
 .debug_line    0x00000000000142bc      0xd23 ./Drivers/STM32F4xx_HAL_Driver/Src/stm32f4xx_ll_tim.o
 .debug_line    0x0000000000014fdf      0xc4f ./Drivers/STM32F4xx_HAL_Driver/Src/stm32f4xx_ll_utils.o

.debug_str      0x0000000000000000    0xf014d
 .debug_str     0x0000000000000000    0xe6d66 ./Core/Display/display.o
                                      0xe7ab5 (size before relaxing)
 .debug_str     0x00000000000e6d66       0x55 ./Core/Display/fonts.o
                                      0xe3eed (size before relaxing)
 .debug_str     0x00000000000e6dbb      0x48d ./Core/Display/st7789.o
                                      0xe458a (size before relaxing)
 .debug_str     0x00000000000e7248     0x203d ./Core/Src/main.o
                                      0xe98f8 (size before relaxing)
 .debug_str     0x00000000000e9285       0x71 ./Core/Src/stm32f4xx_hal_msp.o
                                      0xe4534 (size before relaxing)
 .debug_str     0x00000000000e92f6      0x178 ./Core/Src/stm32f4xx_hal_timebase_tim.o
                                      0xd3405 (size before relaxing)
 .debug_str     0x00000000000e946e       0xfc ./Core/Src/stm32f4xx_it.o
                                      0xe46d9 (size before relaxing)
 .debug_str     0x00000000000e956a       0x77 ./Core/Src/system_stm32f4xx.o
                                      0xd28aa (size before relaxing)
 .debug_str     0x00000000000e95e1       0x36 ./Core/Startup/startup_stm32f429zitx.o
                                         0x6d (size before relaxing)
 .debug_str     0x00000000000e9617      0x5d3 ./Drivers/STM32F4xx_HAL_Driver/Src/stm32f4xx_hal.o
                                      0xd34cd (size before relaxing)
 .debug_str     0x00000000000e9bea      0x2a7 ./Drivers/STM32F4xx_HAL_Driver/Src/stm32f4xx_hal_cortex.o
                                      0xd31c9 (size before relaxing)
 .debug_str     0x00000000000e9e91      0x134 ./Drivers/STM32F4xx_HAL_Driver/Src/stm32f4xx_hal_gpio.o
                                      0xd2a25 (size before relaxing)
 .debug_str     0x00000000000e9fc5      0xb3c ./Drivers/STM32F4xx_HAL_Driver/Src/stm32f4xx_hal_i2c.o
                                      0xd38ba (size before relaxing)
 .debug_str     0x00000000000eab01       0x3b ./Drivers/STM32F4xx_HAL_Driver/Src/stm32f4xx_hal_i2c_ex.o
                                      0xd2c79 (size before relaxing)
 .debug_str     0x00000000000eab3c      0x2c1 ./Drivers/STM32F4xx_HAL_Driver/Src/stm32f4xx_hal_rcc.o
                                      0xd2cde (size before relaxing)
 .debug_str     0x00000000000eadfd      0xdd5 ./Drivers/STM32F4xx_HAL_Driver/Src/stm32f4xx_hal_tim.o
                                      0xd3c21 (size before relaxing)
 .debug_str     0x00000000000ebbd2      0x4f3 ./Drivers/STM32F4xx_HAL_Driver/Src/stm32f4xx_hal_tim_ex.o
                                      0xd342d (size before relaxing)
 .debug_str     0x00000000000ec0c5      0x2f6 ./Drivers/STM32F4xx_HAL_Driver/Src/stm32f4xx_ll_exti.o
                                      0xd2f1f (size before relaxing)
 .debug_str     0x00000000000ec3bb      0x62a ./Drivers/STM32F4xx_HAL_Driver/Src/stm32f4xx_ll_gpio.o
                                      0xd44a4 (size before relaxing)
 .debug_str     0x00000000000ec9e5      0xe3c ./Drivers/STM32F4xx_HAL_Driver/Src/stm32f4xx_ll_spi.o
                                      0xdc55f (size before relaxing)
 .debug_str     0x00000000000ed821     0x114f ./Drivers/STM32F4xx_HAL_Driver/Src/stm32f4xx_ll_tim.o
                                      0xd7bae (size before relaxing)
 .debug_str     0x00000000000ee970     0x17dd ./Drivers/STM32F4xx_HAL_Driver/Src/stm32f4xx_ll_utils.o
                                      0xdcbce (size before relaxing)

.comment        0x0000000000000000       0x50
 .comment       0x0000000000000000       0x50 ./Core/Display/display.o
                                         0x51 (size before relaxing)
 .comment       0x0000000000000050       0x51 ./Core/Display/fonts.o
 .comment       0x0000000000000050       0x51 ./Core/Display/st7789.o
 .comment       0x0000000000000050       0x51 ./Core/Src/main.o
 .comment       0x0000000000000050       0x51 ./Core/Src/stm32f4xx_hal_msp.o
 .comment       0x0000000000000050       0x51 ./Core/Src/stm32f4xx_hal_timebase_tim.o
 .comment       0x0000000000000050       0x51 ./Core/Src/stm32f4xx_it.o
 .comment       0x0000000000000050       0x51 ./Core/Src/system_stm32f4xx.o
 .comment       0x0000000000000050       0x51 ./Drivers/STM32F4xx_HAL_Driver/Src/stm32f4xx_hal.o
 .comment       0x0000000000000050       0x51 ./Drivers/STM32F4xx_HAL_Driver/Src/stm32f4xx_hal_cortex.o
 .comment       0x0000000000000050       0x51 ./Drivers/STM32F4xx_HAL_Driver/Src/stm32f4xx_hal_gpio.o
 .comment       0x0000000000000050       0x51 ./Drivers/STM32F4xx_HAL_Driver/Src/stm32f4xx_hal_i2c.o
 .comment       0x0000000000000050       0x51 ./Drivers/STM32F4xx_HAL_Driver/Src/stm32f4xx_hal_i2c_ex.o
 .comment       0x0000000000000050       0x51 ./Drivers/STM32F4xx_HAL_Driver/Src/stm32f4xx_hal_rcc.o
 .comment       0x0000000000000050       0x51 ./Drivers/STM32F4xx_HAL_Driver/Src/stm32f4xx_hal_tim.o
 .comment       0x0000000000000050       0x51 ./Drivers/STM32F4xx_HAL_Driver/Src/stm32f4xx_hal_tim_ex.o
 .comment       0x0000000000000050       0x51 ./Drivers/STM32F4xx_HAL_Driver/Src/stm32f4xx_ll_exti.o
 .comment       0x0000000000000050       0x51 ./Drivers/STM32F4xx_HAL_Driver/Src/stm32f4xx_ll_gpio.o
 .comment       0x0000000000000050       0x51 ./Drivers/STM32F4xx_HAL_Driver/Src/stm32f4xx_ll_spi.o
 .comment       0x0000000000000050       0x51 ./Drivers/STM32F4xx_HAL_Driver/Src/stm32f4xx_ll_tim.o
 .comment       0x0000000000000050       0x51 ./Drivers/STM32F4xx_HAL_Driver/Src/stm32f4xx_ll_utils.o

.debug_frame    0x0000000000000000     0x51a8
 .debug_frame   0x0000000000000000      0x650 ./Core/Display/display.o
 .debug_frame   0x0000000000000650       0xc8 ./Core/Display/st7789.o
 .debug_frame   0x0000000000000718      0x810 ./Core/Src/main.o
 .debug_frame   0x0000000000000f28       0x80 ./Core/Src/stm32f4xx_hal_msp.o
 .debug_frame   0x0000000000000fa8       0x74 ./Core/Src/stm32f4xx_hal_timebase_tim.o
 .debug_frame   0x000000000000101c      0x140 ./Core/Src/stm32f4xx_it.o
 .debug_frame   0x000000000000115c       0x58 ./Core/Src/system_stm32f4xx.o
 .debug_frame   0x00000000000011b4      0x3b4 ./Drivers/STM32F4xx_HAL_Driver/Src/stm32f4xx_hal.o
 .debug_frame   0x0000000000001568      0x4b8 ./Drivers/STM32F4xx_HAL_Driver/Src/stm32f4xx_hal_cortex.o
 .debug_frame   0x0000000000001a20      0x14c ./Drivers/STM32F4xx_HAL_Driver/Src/stm32f4xx_hal_gpio.o
 .debug_frame   0x0000000000001b6c      0xc84 ./Drivers/STM32F4xx_HAL_Driver/Src/stm32f4xx_hal_i2c.o
 .debug_frame   0x00000000000027f0       0x60 ./Drivers/STM32F4xx_HAL_Driver/Src/stm32f4xx_hal_i2c_ex.o
 .debug_frame   0x0000000000002850      0x1f4 ./Drivers/STM32F4xx_HAL_Driver/Src/stm32f4xx_hal_rcc.o
 .debug_frame   0x0000000000002a44     0x11c0 ./Drivers/STM32F4xx_HAL_Driver/Src/stm32f4xx_hal_tim.o
 .debug_frame   0x0000000000003c04      0x638 ./Drivers/STM32F4xx_HAL_Driver/Src/stm32f4xx_hal_tim_ex.o
 .debug_frame   0x000000000000423c      0x1bc ./Drivers/STM32F4xx_HAL_Driver/Src/stm32f4xx_ll_exti.o
 .debug_frame   0x00000000000043f8      0x1c0 ./Drivers/STM32F4xx_HAL_Driver/Src/stm32f4xx_ll_gpio.o
 .debug_frame   0x00000000000045b8      0x254 ./Drivers/STM32F4xx_HAL_Driver/Src/stm32f4xx_ll_spi.o
 .debug_frame   0x000000000000480c      0x538 ./Drivers/STM32F4xx_HAL_Driver/Src/stm32f4xx_ll_tim.o
 .debug_frame   0x0000000000004d44      0x418 ./Drivers/STM32F4xx_HAL_Driver/Src/stm32f4xx_ll_utils.o
 .debug_frame   0x000000000000515c       0x2c c:/st/stm32cubeide_1.10.1/stm32cubeide/plugins/com.st.stm32cube.ide.mcu.externaltools.gnu-tools-for-stm32.10.3-2021.10.win32_1.0.0.202111181127/tools/bin/../lib/gcc/arm-none-eabi/10.3.1/../../../../arm-none-eabi/lib/thumb/v7e-m+fp/hard\libc_nano.a(lib_a-init.o)
 .debug_frame   0x0000000000005188       0x20 c:/st/stm32cubeide_1.10.1/stm32cubeide/plugins/com.st.stm32cube.ide.mcu.externaltools.gnu-tools-for-stm32.10.3-2021.10.win32_1.0.0.202111181127/tools/bin/../lib/gcc/arm-none-eabi/10.3.1/../../../../arm-none-eabi/lib/thumb/v7e-m+fp/hard\libc_nano.a(lib_a-memset.o)
