Archive member included to satisfy reference by file (symbol)

c:/st/stm32cubeide_1.10.1/stm32cubeide/plugins/com.st.stm32cube.ide.mcu.externaltools.gnu-tools-for-stm32.10.3-2021.10.win32_1.0.0.202111181127/tools/bin/../lib/gcc/arm-none-eabi/10.3.1/../../../../arm-none-eabi/lib/thumb/v7e-m+fp/hard\libc_nano.a(lib_a-errno.o)
                              ./Core/Src/syscalls.o (__errno)
c:/st/stm32cubeide_1.10.1/stm32cubeide/plugins/com.st.stm32cube.ide.mcu.externaltools.gnu-tools-for-stm32.10.3-2021.10.win32_1.0.0.202111181127/tools/bin/../lib/gcc/arm-none-eabi/10.3.1/../../../../arm-none-eabi/lib/thumb/v7e-m+fp/hard\libc_nano.a(lib_a-exit.o)
                              c:/st/stm32cubeide_1.10.1/stm32cubeide/plugins/com.st.stm32cube.ide.mcu.externaltools.gnu-tools-for-stm32.10.3-2021.10.win32_1.0.0.202111181127/tools/bin/../lib/gcc/arm-none-eabi/10.3.1/../../../../arm-none-eabi/lib/thumb/v7e-m+fp/hard/crt0.o (exit)
c:/st/stm32cubeide_1.10.1/stm32cubeide/plugins/com.st.stm32cube.ide.mcu.externaltools.gnu-tools-for-stm32.10.3-2021.10.win32_1.0.0.202111181127/tools/bin/../lib/gcc/arm-none-eabi/10.3.1/../../../../arm-none-eabi/lib/thumb/v7e-m+fp/hard\libc_nano.a(lib_a-impure.o)
                              c:/st/stm32cubeide_1.10.1/stm32cubeide/plugins/com.st.stm32cube.ide.mcu.externaltools.gnu-tools-for-stm32.10.3-2021.10.win32_1.0.0.202111181127/tools/bin/../lib/gcc/arm-none-eabi/10.3.1/../../../../arm-none-eabi/lib/thumb/v7e-m+fp/hard\libc_nano.a(lib_a-exit.o) (_global_impure_ptr)
c:/st/stm32cubeide_1.10.1/stm32cubeide/plugins/com.st.stm32cube.ide.mcu.externaltools.gnu-tools-for-stm32.10.3-2021.10.win32_1.0.0.202111181127/tools/bin/../lib/gcc/arm-none-eabi/10.3.1/../../../../arm-none-eabi/lib/thumb/v7e-m+fp/hard\libc_nano.a(lib_a-init.o)
                              c:/st/stm32cubeide_1.10.1/stm32cubeide/plugins/com.st.stm32cube.ide.mcu.externaltools.gnu-tools-for-stm32.10.3-2021.10.win32_1.0.0.202111181127/tools/bin/../lib/gcc/arm-none-eabi/10.3.1/../../../../arm-none-eabi/lib/thumb/v7e-m+fp/hard/crt0.o (__libc_init_array)
c:/st/stm32cubeide_1.10.1/stm32cubeide/plugins/com.st.stm32cube.ide.mcu.externaltools.gnu-tools-for-stm32.10.3-2021.10.win32_1.0.0.202111181127/tools/bin/../lib/gcc/arm-none-eabi/10.3.1/../../../../arm-none-eabi/lib/thumb/v7e-m+fp/hard\libc_nano.a(lib_a-memset.o)
                              c:/st/stm32cubeide_1.10.1/stm32cubeide/plugins/com.st.stm32cube.ide.mcu.externaltools.gnu-tools-for-stm32.10.3-2021.10.win32_1.0.0.202111181127/tools/bin/../lib/gcc/arm-none-eabi/10.3.1/../../../../arm-none-eabi/lib/thumb/v7e-m+fp/hard/crt0.o (memset)
c:/st/stm32cubeide_1.10.1/stm32cubeide/plugins/com.st.stm32cube.ide.mcu.externaltools.gnu-tools-for-stm32.10.3-2021.10.win32_1.0.0.202111181127/tools/bin/../lib/gcc/arm-none-eabi/10.3.1/thumb/v7e-m+fp/hard\libgcc.a(_aeabi_uldivmod.o)
                              ./Drivers/STM32F4xx_HAL_Driver/Src/stm32f4xx_hal_rcc.o (__aeabi_uldivmod)
c:/st/stm32cubeide_1.10.1/stm32cubeide/plugins/com.st.stm32cube.ide.mcu.externaltools.gnu-tools-for-stm32.10.3-2021.10.win32_1.0.0.202111181127/tools/bin/../lib/gcc/arm-none-eabi/10.3.1/thumb/v7e-m+fp/hard\libgcc.a(_udivmoddi4.o)
                              c:/st/stm32cubeide_1.10.1/stm32cubeide/plugins/com.st.stm32cube.ide.mcu.externaltools.gnu-tools-for-stm32.10.3-2021.10.win32_1.0.0.202111181127/tools/bin/../lib/gcc/arm-none-eabi/10.3.1/thumb/v7e-m+fp/hard\libgcc.a(_aeabi_uldivmod.o) (__udivmoddi4)
c:/st/stm32cubeide_1.10.1/stm32cubeide/plugins/com.st.stm32cube.ide.mcu.externaltools.gnu-tools-for-stm32.10.3-2021.10.win32_1.0.0.202111181127/tools/bin/../lib/gcc/arm-none-eabi/10.3.1/thumb/v7e-m+fp/hard\libgcc.a(_dvmd_tls.o)
                              c:/st/stm32cubeide_1.10.1/stm32cubeide/plugins/com.st.stm32cube.ide.mcu.externaltools.gnu-tools-for-stm32.10.3-2021.10.win32_1.0.0.202111181127/tools/bin/../lib/gcc/arm-none-eabi/10.3.1/thumb/v7e-m+fp/hard\libgcc.a(_aeabi_uldivmod.o) (__aeabi_ldiv0)

Discarded input sections

 .text          0x0000000000000000        0x0 c:/st/stm32cubeide_1.10.1/stm32cubeide/plugins/com.st.stm32cube.ide.mcu.externaltools.gnu-tools-for-stm32.10.3-2021.10.win32_1.0.0.202111181127/tools/bin/../lib/gcc/arm-none-eabi/10.3.1/thumb/v7e-m+fp/hard/crti.o
 .data          0x0000000000000000        0x0 c:/st/stm32cubeide_1.10.1/stm32cubeide/plugins/com.st.stm32cube.ide.mcu.externaltools.gnu-tools-for-stm32.10.3-2021.10.win32_1.0.0.202111181127/tools/bin/../lib/gcc/arm-none-eabi/10.3.1/thumb/v7e-m+fp/hard/crti.o
 .bss           0x0000000000000000        0x0 c:/st/stm32cubeide_1.10.1/stm32cubeide/plugins/com.st.stm32cube.ide.mcu.externaltools.gnu-tools-for-stm32.10.3-2021.10.win32_1.0.0.202111181127/tools/bin/../lib/gcc/arm-none-eabi/10.3.1/thumb/v7e-m+fp/hard/crti.o
[...]
Memory Configuration

Name             Origin             Length             Attributes
CCMRAM           0x0000000010000000 0x0000000000010000 xrw
RAM              0x0000000020000000 0x0000000000030000 xrw
FLASH            0x0000000008000000 0x0000000000200000 xr
*default*        0x0000000000000000 0xffffffffffffffff

Linker script and memory map

LOAD c:/st/stm32cubeide_1.10.1/stm32cubeide/plugins/com.st.stm32cube.ide.mcu.externaltools.gnu-tools-for-stm32.10.3-2021.10.win32_1.0.0.202111181127/tools/bin/../lib/gcc/arm-none-eabi/10.3.1/thumb/v7e-m+fp/hard/crti.o
LOAD c:/st/stm32cubeide_1.10.1/stm32cubeide/plugins/com.st.stm32cube.ide.mcu.externaltools.gnu-tools-for-stm32.10.3-2021.10.win32_1.0.0.202111181127/tools/bin/../lib/gcc/arm-none-eabi/10.3.1/thumb/v7e-m+fp/hard/crtbegin.o
LOAD c:/st/stm32cubeide_1.10.1/stm32cubeide/plugins/com.st.stm32cube.ide.mcu.externaltools.gnu-tools-for-stm32.10.3-2021.10.win32_1.0.0.202111181127/tools/bin/../lib/gcc/arm-none-eabi/10.3.1/../../../../arm-none-eabi/lib/thumb/v7e-m+fp/hard/crt0.o
LOAD ./Core/Display/display.o
LOAD ./Core/Display/fonts.o
LOAD ./Core/Display/ili9341.o
LOAD ./Core/Display/st7789.o
LOAD ./Core/Src/main.o
LOAD ./Core/Src/stm32f4xx_hal_msp.o
LOAD ./Core/Src/stm32f4xx_hal_timebase_tim.o
LOAD ./Core/Src/stm32f4xx_it.o
LOAD ./Core/Src/syscalls.o
LOAD ./Core/Src/sysmem.o
LOAD ./Core/Src/system_stm32f4xx.o
LOAD ./Core/Startup/startup_stm32f429zitx.o
LOAD ./Drivers/STM32F4xx_HAL_Driver/Src/stm32f4xx_hal.o
LOAD ./Drivers/STM32F4xx_HAL_Driver/Src/stm32f4xx_hal_cortex.o
LOAD ./Drivers/STM32F4xx_HAL_Driver/Src/stm32f4xx_hal_dma.o
LOAD ./Drivers/STM32F4xx_HAL_Driver/Src/stm32f4xx_hal_dma_ex.o
LOAD ./Drivers/STM32F4xx_HAL_Driver/Src/stm32f4xx_hal_exti.o
LOAD ./Drivers/STM32F4xx_HAL_Driver/Src/stm32f4xx_hal_flash.o
LOAD ./Drivers/STM32F4xx_HAL_Driver/Src/stm32f4xx_hal_flash_ex.o
LOAD ./Drivers/STM32F4xx_HAL_Driver/Src/stm32f4xx_hal_flash_ramfunc.o
LOAD ./Drivers/STM32F4xx_HAL_Driver/Src/stm32f4xx_hal_gpio.o
LOAD ./Drivers/STM32F4xx_HAL_Driver/Src/stm32f4xx_hal_i2c.o
LOAD ./Drivers/STM32F4xx_HAL_Driver/Src/stm32f4xx_hal_i2c_ex.o
LOAD ./Drivers/STM32F4xx_HAL_Driver/Src/stm32f4xx_hal_pwr.o
LOAD ./Drivers/STM32F4xx_HAL_Driver/Src/stm32f4xx_hal_pwr_ex.o
LOAD ./Drivers/STM32F4xx_HAL_Driver/Src/stm32f4xx_hal_rcc.o
LOAD ./Drivers/STM32F4xx_HAL_Driver/Src/stm32f4xx_hal_rcc_ex.o
LOAD ./Drivers/STM32F4xx_HAL_Driver/Src/stm32f4xx_hal_tim.o
LOAD ./Drivers/STM32F4xx_HAL_Driver/Src/stm32f4xx_hal_tim_ex.o
LOAD ./Drivers/STM32F4xx_HAL_Driver/Src/stm32f4xx_ll_dma.o
LOAD ./Drivers/STM32F4xx_HAL_Driver/Src/stm32f4xx_ll_exti.o
LOAD ./Drivers/STM32F4xx_HAL_Driver/Src/stm32f4xx_ll_gpio.o
LOAD ./Drivers/STM32F4xx_HAL_Driver/Src/stm32f4xx_ll_rcc.o
LOAD ./Drivers/STM32F4xx_HAL_Driver/Src/stm32f4xx_ll_spi.o
LOAD ./Drivers/STM32F4xx_HAL_Driver/Src/stm32f4xx_ll_tim.o
LOAD ./Drivers/STM32F4xx_HAL_Driver/Src/stm32f4xx_ll_utils.o
START GROUP
LOAD c:/st/stm32cubeide_1.10.1/stm32cubeide/plugins/com.st.stm32cube.ide.mcu.externaltools.gnu-tools-for-stm32.10.3-2021.10.win32_1.0.0.202111181127/tools/bin/../lib/gcc/arm-none-eabi/10.3.1/../../../../arm-none-eabi/lib/thumb/v7e-m+fp/hard\libc_nano.a
LOAD c:/st/stm32cubeide_1.10.1/stm32cubeide/plugins/com.st.stm32cube.ide.mcu.externaltools.gnu-tools-for-stm32.10.3-2021.10.win32_1.0.0.202111181127/tools/bin/../lib/gcc/arm-none-eabi/10.3.1/../../../../arm-none-eabi/lib/thumb/v7e-m+fp/hard\libm.a
END GROUP
START GROUP
LOAD c:/st/stm32cubeide_1.10.1/stm32cubeide/plugins/com.st.stm32cube.ide.mcu.externaltools.gnu-tools-for-stm32.10.3-2021.10.win32_1.0.0.202111181127/tools/bin/../lib/gcc/arm-none-eabi/10.3.1/thumb/v7e-m+fp/hard\libgcc.a
LOAD c:/st/stm32cubeide_1.10.1/stm32cubeide/plugins/com.st.stm32cube.ide.mcu.externaltools.gnu-tools-for-stm32.10.3-2021.10.win32_1.0.0.202111181127/tools/bin/../lib/gcc/arm-none-eabi/10.3.1/../../../../arm-none-eabi/lib/thumb/v7e-m+fp/hard\libc_nano.a
END GROUP
START GROUP
LOAD c:/st/stm32cubeide_1.10.1/stm32cubeide/plugins/com.st.stm32cube.ide.mcu.externaltools.gnu-tools-for-stm32.10.3-2021.10.win32_1.0.0.202111181127/tools/bin/../lib/gcc/arm-none-eabi/10.3.1/thumb/v7e-m+fp/hard\libgcc.a
LOAD c:/st/stm32cubeide_1.10.1/stm32cubeide/plugins/com.st.stm32cube.ide.mcu.externaltools.gnu-tools-for-stm32.10.3-2021.10.win32_1.0.0.202111181127/tools/bin/../lib/gcc/arm-none-eabi/10.3.1/../../../../arm-none-eabi/lib/thumb/v7e-m+fp/hard\libc_nano.a
LOAD c:/st/stm32cubeide_1.10.1/stm32cubeide/plugins/com.st.stm32cube.ide.mcu.externaltools.gnu-tools-for-stm32.10.3-2021.10.win32_1.0.0.202111181127/tools/bin/../lib/gcc/arm-none-eabi/10.3.1/../../../../arm-none-eabi/lib/thumb/v7e-m+fp/hard\libnosys.a
END GROUP
START GROUP
LOAD c:/st/stm32cubeide_1.10.1/stm32cubeide/plugins/com.st.stm32cube.ide.mcu.externaltools.gnu-tools-for-stm32.10.3-2021.10.win32_1.0.0.202111181127/tools/bin/../lib/gcc/arm-none-eabi/10.3.1/thumb/v7e-m+fp/hard\libgcc.a
LOAD c:/st/stm32cubeide_1.10.1/stm32cubeide/plugins/com.st.stm32cube.ide.mcu.externaltools.gnu-tools-for-stm32.10.3-2021.10.win32_1.0.0.202111181127/tools/bin/../lib/gcc/arm-none-eabi/10.3.1/../../../../arm-none-eabi/lib/thumb/v7e-m+fp/hard\libc_nano.a
LOAD c:/st/stm32cubeide_1.10.1/stm32cubeide/plugins/com.st.stm32cube.ide.mcu.externaltools.gnu-tools-for-stm32.10.3-2021.10.win32_1.0.0.202111181127/tools/bin/../lib/gcc/arm-none-eabi/10.3.1/../../../../arm-none-eabi/lib/thumb/v7e-m+fp/hard\libnosys.a
END GROUP
LOAD c:/st/stm32cubeide_1.10.1/stm32cubeide/plugins/com.st.stm32cube.ide.mcu.externaltools.gnu-tools-for-stm32.10.3-2021.10.win32_1.0.0.202111181127/tools/bin/../lib/gcc/arm-none-eabi/10.3.1/thumb/v7e-m+fp/hard/crtend.o
LOAD c:/st/stm32cubeide_1.10.1/stm32cubeide/plugins/com.st.stm32cube.ide.mcu.externaltools.gnu-tools-for-stm32.10.3-2021.10.win32_1.0.0.202111181127/tools/bin/../lib/gcc/arm-none-eabi/10.3.1/thumb/v7e-m+fp/hard/crtn.o
                0x0000000020030000                _estack = (ORIGIN (RAM) + LENGTH (RAM))
                0x0000000000000200                _Min_Heap_Size = 0x200
                0x0000000000000400                _Min_Stack_Size = 0x400

.isr_vector     0x0000000008000000      0x1ac
                0x0000000008000000                . = ALIGN (0x4)
 *(.isr_vector)
 .isr_vector    0x0000000008000000      0x1ac ./Core/Startup/startup_stm32f429zitx.o
                0x0000000008000000                g_pfnVectors
                0x00000000080001ac                . = ALIGN (0x4)

.text           0x00000000080001ac     0x327c
                0x00000000080001ac                . = ALIGN (0x4)
 *(.text)
 .text          0x00000000080001ac       0x40 c:/st/stm32cubeide_1.10.1/stm32cubeide/plugins/com.st.stm32cube.ide.mcu.externaltools.gnu-tools-for-stm32.10.3-2021.10.win32_1.0.0.202111181127/tools/bin/../lib/gcc/arm-none-eabi/10.3.1/thumb/v7e-m+fp/hard/crtbegin.o
 *(.text*)
 .text.__NVIC_GetPriorityGrouping
                0x00000000080001ec       0x1c ./Core/Src/main.o
 .text.__NVIC_EnableIRQ
                0x0000000008000208       0x3c ./Core/Src/main.o
 .text.__NVIC_SetPriority
                0x0000000008000244       0x54 ./Core/Src/main.o
 .text.NVIC_EncodePriority
                0x0000000008000298       0x66 ./Core/Src/main.o
 *fill*         0x00000000080002fe        0x2 
 .text.LL_DMA_SetDataTransferDirection
                0x0000000008000300       0x48 ./Core/Src/main.o
 .text.LL_DMA_SetMode
                0x0000000008000348       0x48 ./Core/Src/main.o
 .text.LL_DMA_SetPeriphIncMode
                0x0000000008000390       0x48 ./Core/Src/main.o
 .text.LL_DMA_SetMemoryIncMode
                0x00000000080003d8       0x48 ./Core/Src/main.o
 .text.LL_DMA_SetPeriphSize
                0x0000000008000420       0x48 ./Core/Src/main.o
 .text.LL_DMA_SetMemorySize
                0x0000000008000468       0x48 ./Core/Src/main.o
 .text.LL_DMA_SetStreamPriorityLevel
                0x00000000080004b0       0x48 ./Core/Src/main.o
 .text.LL_DMA_SetChannelSelection
                0x00000000080004f8       0x48 ./Core/Src/main.o
 .text.LL_DMA_DisableFifoMode
                0x0000000008000540       0x40 ./Core/Src/main.o
 .text.LL_RCC_HSE_EnableCSS
                0x0000000008000580       0x20 ./Core/Src/main.o
 .text.LL_RCC_HSE_Enable
                0x00000000080005a0       0x20 ./Core/Src/main.o
 .text.LL_RCC_HSE_IsReady
                0x00000000080005c0       0x28 ./Core/Src/main.o
 .text.LL_RCC_SetSysClkSource
                0x00000000080005e8       0x28 ./Core/Src/main.o
 .text.LL_RCC_GetSysClkSource
                0x0000000008000610       0x1c ./Core/Src/main.o
 .text.LL_RCC_SetAHBPrescaler
                0x000000000800062c       0x28 ./Core/Src/main.o
 .text.LL_RCC_SetAPB1Prescaler
                0x0000000008000654       0x28 ./Core/Src/main.o
 .text.LL_RCC_SetAPB2Prescaler
                0x000000000800067c       0x28 ./Core/Src/main.o
 .text.LL_RCC_SetTIMPrescaler
                0x00000000080006a4       0x2c ./Core/Src/main.o
 .text.LL_RCC_PLL_Enable
                0x00000000080006d0       0x20 ./Core/Src/main.o
 .text.LL_RCC_PLL_IsReady
                0x00000000080006f0       0x28 ./Core/Src/main.o
 .text.LL_RCC_PLL_ConfigDomain_SYS
                0x0000000008000718       0x4c ./Core/Src/main.o
 .text.LL_AHB1_GRP1_EnableClock
                0x0000000008000764       0x30 ./Core/Src/main.o
 .text.LL_APB1_GRP1_EnableClock
                0x0000000008000794       0x30 ./Core/Src/main.o
 .text.LL_APB2_GRP1_EnableClock
                0x00000000080007c4       0x30 ./Core/Src/main.o
 .text.LL_SYSCFG_SetEXTISource
                0x00000000080007f4       0x6c ./Core/Src/main.o
 .text.LL_FLASH_SetLatency
                0x0000000008000860       0x28 ./Core/Src/main.o
 .text.LL_FLASH_GetLatency
                0x0000000008000888       0x1c ./Core/Src/main.o
 .text.LL_PWR_DisableOverDriveMode
                0x00000000080008a4       0x20 ./Core/Src/main.o
 .text.LL_PWR_SetRegulVoltageScaling
                0x00000000080008c4       0x28 ./Core/Src/main.o
 .text.LL_PWR_IsActiveFlag_VOS
                0x00000000080008ec       0x28 ./Core/Src/main.o
 .text.LL_SPI_SetStandard
                0x0000000008000914       0x26 ./Core/Src/main.o
 .text.LL_TIM_DisableARRPreload
                0x000000000800093a       0x20 ./Core/Src/main.o
 *fill*         0x000000000800095a        0x2 
 .text.LL_TIM_OC_DisableFast
                0x000000000800095c       0x8c ./Core/Src/main.o
 .text.LL_TIM_OC_EnablePreload
                0x00000000080009e8       0x88 ./Core/Src/main.o
 .text.LL_TIM_SetClockSource
                0x0000000008000a70       0x2a ./Core/Src/main.o
 .text.LL_TIM_SetTriggerOutput
                0x0000000008000a9a       0x26 ./Core/Src/main.o
 .text.LL_TIM_DisableMasterSlaveMode
                0x0000000008000ac0       0x20 ./Core/Src/main.o
 .text.LL_GPIO_SetPinMode
                0x0000000008000ae0       0x7a ./Core/Src/main.o
 .text.LL_GPIO_SetPinPull
                0x0000000008000b5a       0x7a ./Core/Src/main.o
 .text.LL_GPIO_ResetOutputPin
                0x0000000008000bd4       0x1e ./Core/Src/main.o
 .text.main     0x0000000008000bf2       0x26 ./Core/Src/main.o
                0x0000000008000bf2                main
 .text.SystemClock_Config
                0x0000000008000c18       0xac ./Core/Src/main.o
                0x0000000008000c18                SystemClock_Config
 .text.MX_I2C3_Init
                0x0000000008000cc4       0x80 ./Core/Src/main.o
 .text.MX_SPI3_Init
                0x0000000008000d44      0x138 ./Core/Src/main.o
 .text.MX_TIM1_Init
                0x0000000008000e7c       0x64 ./Core/Src/main.o
 .text.MX_TIM3_Init
                0x0000000008000ee0       0xd8 ./Core/Src/main.o
 .text.MX_DMA_Init
                0x0000000008000fb8       0x30 ./Core/Src/main.o
 .text.MX_GPIO_Init
                0x0000000008000fe8      0x4ec ./Core/Src/main.o
 .text.HAL_TIM_PeriodElapsedCallback
                0x00000000080014d4       0x24 ./Core/Src/main.o
                0x00000000080014d4                HAL_TIM_PeriodElapsedCallback
 .text.Error_Handler
                0x00000000080014f8        0xa ./Core/Src/main.o
                0x00000000080014f8                Error_Handler
 *fill*         0x0000000008001502        0x2 
 .text.HAL_MspInit
                0x0000000008001504       0x50 ./Core/Src/stm32f4xx_hal_msp.o
                0x0000000008001504                HAL_MspInit
 .text.HAL_I2C_MspInit
                0x0000000008001554       0xd4 ./Core/Src/stm32f4xx_hal_msp.o
                0x0000000008001554                HAL_I2C_MspInit
 .text.HAL_InitTick
                0x0000000008001628       0xf8 ./Core/Src/stm32f4xx_hal_timebase_tim.o
                0x0000000008001628                HAL_InitTick
 .text.NMI_Handler
                0x0000000008001720        0x6 ./Core/Src/stm32f4xx_it.o
                0x0000000008001720                NMI_Handler
 .text.HardFault_Handler
                0x0000000008001726        0x6 ./Core/Src/stm32f4xx_it.o
                0x0000000008001726                HardFault_Handler
 .text.MemManage_Handler
                0x000000000800172c        0x6 ./Core/Src/stm32f4xx_it.o
                0x000000000800172c                MemManage_Handler
 .text.BusFault_Handler
                0x0000000008001732        0x6 ./Core/Src/stm32f4xx_it.o
                0x0000000008001732                BusFault_Handler
 .text.UsageFault_Handler
                0x0000000008001738        0x6 ./Core/Src/stm32f4xx_it.o
                0x0000000008001738                UsageFault_Handler
 .text.SVC_Handler
                0x000000000800173e        0xe ./Core/Src/stm32f4xx_it.o
                0x000000000800173e                SVC_Handler
 .text.DebugMon_Handler
                0x000000000800174c        0xe ./Core/Src/stm32f4xx_it.o
                0x000000000800174c                DebugMon_Handler
 .text.PendSV_Handler
                0x000000000800175a        0xe ./Core/Src/stm32f4xx_it.o
                0x000000000800175a                PendSV_Handler
 .text.SysTick_Handler
                0x0000000008001768        0xe ./Core/Src/stm32f4xx_it.o
                0x0000000008001768                SysTick_Handler
 .text.DMA1_Stream5_IRQHandler
                0x0000000008001776        0xe ./Core/Src/stm32f4xx_it.o
                0x0000000008001776                DMA1_Stream5_IRQHandler
 .text.TIM6_DAC_IRQHandler
                0x0000000008001784       0x14 ./Core/Src/stm32f4xx_it.o
                0x0000000008001784                TIM6_DAC_IRQHandler
 .text.SystemInit
                0x0000000008001798       0x24 ./Core/Src/system_stm32f4xx.o
                0x0000000008001798                SystemInit
 .text.Reset_Handler
                0x00000000080017bc       0x50 ./Core/Startup/startup_stm32f429zitx.o
                0x00000000080017bc                Reset_Handler
 .text.Default_Handler
                0x000000000800180c        0x2 ./Core/Startup/startup_stm32f429zitx.o
                0x000000000800180c                RTC_Alarm_IRQHandler
                0x000000000800180c                HASH_RNG_IRQHandler
                0x000000000800180c                EXTI2_IRQHandler
                0x000000000800180c                TIM8_CC_IRQHandler
                0x000000000800180c                UART8_IRQHandler
                0x000000000800180c                SPI4_IRQHandler
                0x000000000800180c                TIM1_CC_IRQHandler
                0x000000000800180c                DMA2_Stream5_IRQHandler
                0x000000000800180c                PVD_IRQHandler
                0x000000000800180c                SDIO_IRQHandler
                0x000000000800180c                TAMP_STAMP_IRQHandler
                0x000000000800180c                CAN2_RX1_IRQHandler
                0x000000000800180c                EXTI3_IRQHandler
                0x000000000800180c                TIM8_TRG_COM_TIM14_IRQHandler
                0x000000000800180c                TIM1_UP_TIM10_IRQHandler
                0x000000000800180c                TIM8_UP_TIM13_IRQHandler
                0x000000000800180c                I2C3_ER_IRQHandler
                0x000000000800180c                EXTI0_IRQHandler
                0x000000000800180c                I2C2_EV_IRQHandler
                0x000000000800180c                DMA1_Stream2_IRQHandler
                0x000000000800180c                CAN1_RX0_IRQHandler
                0x000000000800180c                FPU_IRQHandler
                0x000000000800180c                OTG_HS_WKUP_IRQHandler
                0x000000000800180c                LTDC_ER_IRQHandler
                0x000000000800180c                CAN2_SCE_IRQHandler
                0x000000000800180c                DMA2_Stream2_IRQHandler
                0x000000000800180c                SPI1_IRQHandler
                0x000000000800180c                TIM1_BRK_TIM9_IRQHandler
                0x000000000800180c                DCMI_IRQHandler
                0x000000000800180c                CAN2_RX0_IRQHandler
                0x000000000800180c                DMA2_Stream3_IRQHandler
                0x000000000800180c                USART6_IRQHandler
                0x000000000800180c                USART3_IRQHandler
                0x000000000800180c                CAN1_RX1_IRQHandler
                0x000000000800180c                UART5_IRQHandler
                0x000000000800180c                DMA2_Stream0_IRQHandler
                0x000000000800180c                TIM4_IRQHandler
                0x000000000800180c                I2C1_EV_IRQHandler
                0x000000000800180c                DMA1_Stream6_IRQHandler
                0x000000000800180c                DMA1_Stream1_IRQHandler
                0x000000000800180c                UART4_IRQHandler
                0x000000000800180c                TIM3_IRQHandler
                0x000000000800180c                RCC_IRQHandler
                0x000000000800180c                TIM8_BRK_TIM12_IRQHandler
                0x000000000800180c                Default_Handler
                0x000000000800180c                EXTI15_10_IRQHandler
                0x000000000800180c                ADC_IRQHandler
                0x000000000800180c                DMA1_Stream7_IRQHandler
                0x000000000800180c                SPI5_IRQHandler
                0x000000000800180c                TIM7_IRQHandler
                0x000000000800180c                CAN2_TX_IRQHandler
                0x000000000800180c                TIM5_IRQHandler
                0x000000000800180c                DMA2_Stream7_IRQHandler
                0x000000000800180c                I2C3_EV_IRQHandler
                0x000000000800180c                EXTI9_5_IRQHandler
                0x000000000800180c                RTC_WKUP_IRQHandler
                0x000000000800180c                LTDC_IRQHandler
                0x000000000800180c                ETH_WKUP_IRQHandler
                0x000000000800180c                SPI2_IRQHandler
                0x000000000800180c                OTG_HS_EP1_IN_IRQHandler
                0x000000000800180c                DMA1_Stream0_IRQHandler
                0x000000000800180c                CAN1_TX_IRQHandler
                0x000000000800180c                EXTI4_IRQHandler
                0x000000000800180c                ETH_IRQHandler
                0x000000000800180c                OTG_HS_EP1_OUT_IRQHandler
                0x000000000800180c                WWDG_IRQHandler
                0x000000000800180c                SPI6_IRQHandler
                0x000000000800180c                TIM2_IRQHandler
                0x000000000800180c                OTG_FS_WKUP_IRQHandler
                0x000000000800180c                TIM1_TRG_COM_TIM11_IRQHandler
                0x000000000800180c                OTG_HS_IRQHandler
                0x000000000800180c                DMA2D_IRQHandler
                0x000000000800180c                EXTI1_IRQHandler
                0x000000000800180c                UART7_IRQHandler
                0x000000000800180c                USART2_IRQHandler
                0x000000000800180c                I2C2_ER_IRQHandler
                0x000000000800180c                DMA2_Stream1_IRQHandler
                0x000000000800180c                CAN1_SCE_IRQHandler
                0x000000000800180c                FLASH_IRQHandler
                0x000000000800180c                DMA2_Stream4_IRQHandler
                0x000000000800180c                USART1_IRQHandler
                0x000000000800180c                OTG_FS_IRQHandler
                0x000000000800180c                SPI3_IRQHandler
                0x000000000800180c                DMA1_Stream4_IRQHandler
                0x000000000800180c                I2C1_ER_IRQHandler
                0x000000000800180c                FMC_IRQHandler
                0x000000000800180c                DMA2_Stream6_IRQHandler
                0x000000000800180c                SAI1_IRQHandler
                0x000000000800180c                DMA1_Stream3_IRQHandler
 *fill*         0x000000000800180e        0x2 
 .text.HAL_Init
                0x0000000008001810       0x44 ./Drivers/STM32F4xx_HAL_Driver/Src/stm32f4xx_hal.o
                0x0000000008001810                HAL_Init
 .text.HAL_IncTick
                0x0000000008001854       0x28 ./Drivers/STM32F4xx_HAL_Driver/Src/stm32f4xx_hal.o
                0x0000000008001854                HAL_IncTick
 .text.__NVIC_SetPriorityGrouping
                0x000000000800187c       0x48 ./Drivers/STM32F4xx_HAL_Driver/Src/stm32f4xx_hal_cortex.o
 .text.__NVIC_GetPriorityGrouping
                0x00000000080018c4       0x1c ./Drivers/STM32F4xx_HAL_Driver/Src/stm32f4xx_hal_cortex.o
 .text.__NVIC_EnableIRQ
                0x00000000080018e0       0x3c ./Drivers/STM32F4xx_HAL_Driver/Src/stm32f4xx_hal_cortex.o
 .text.__NVIC_SetPriority
                0x000000000800191c       0x54 ./Drivers/STM32F4xx_HAL_Driver/Src/stm32f4xx_hal_cortex.o
 .text.NVIC_EncodePriority
                0x0000000008001970       0x66 ./Drivers/STM32F4xx_HAL_Driver/Src/stm32f4xx_hal_cortex.o
 .text.HAL_NVIC_SetPriorityGrouping
                0x00000000080019d6       0x16 ./Drivers/STM32F4xx_HAL_Driver/Src/stm32f4xx_hal_cortex.o
                0x00000000080019d6                HAL_NVIC_SetPriorityGrouping
 .text.HAL_NVIC_SetPriority
                0x00000000080019ec       0x38 ./Drivers/STM32F4xx_HAL_Driver/Src/stm32f4xx_hal_cortex.o
                0x00000000080019ec                HAL_NVIC_SetPriority
 .text.HAL_NVIC_EnableIRQ
                0x0000000008001a24       0x1c ./Drivers/STM32F4xx_HAL_Driver/Src/stm32f4xx_hal_cortex.o
                0x0000000008001a24                HAL_NVIC_EnableIRQ
 .text.HAL_GPIO_Init
                0x0000000008001a40      0x358 ./Drivers/STM32F4xx_HAL_Driver/Src/stm32f4xx_hal_gpio.o
                0x0000000008001a40                HAL_GPIO_Init
 .text.HAL_I2C_Init
                0x0000000008001d98      0x288 ./Drivers/STM32F4xx_HAL_Driver/Src/stm32f4xx_hal_i2c.o
                0x0000000008001d98                HAL_I2C_Init
 .text.HAL_I2CEx_ConfigAnalogFilter
                0x0000000008002020       0x78 ./Drivers/STM32F4xx_HAL_Driver/Src/stm32f4xx_hal_i2c_ex.o
                0x0000000008002020                HAL_I2CEx_ConfigAnalogFilter
 .text.HAL_I2CEx_ConfigDigitalFilter
                0x0000000008002098       0x7e ./Drivers/STM32F4xx_HAL_Driver/Src/stm32f4xx_hal_i2c_ex.o
                0x0000000008002098                HAL_I2CEx_ConfigDigitalFilter
 *fill*         0x0000000008002116        0x2 
 .text.HAL_RCC_GetHCLKFreq
                0x0000000008002118       0x18 ./Drivers/STM32F4xx_HAL_Driver/Src/stm32f4xx_hal_rcc.o
                0x0000000008002118                HAL_RCC_GetHCLKFreq
 .text.HAL_RCC_GetPCLK1Freq
                0x0000000008002130       0x28 ./Drivers/STM32F4xx_HAL_Driver/Src/stm32f4xx_hal_rcc.o
                0x0000000008002130                HAL_RCC_GetPCLK1Freq
 .text.HAL_RCC_GetClockConfig
                0x0000000008002158       0x64 ./Drivers/STM32F4xx_HAL_Driver/Src/stm32f4xx_hal_rcc.o
                0x0000000008002158                HAL_RCC_GetClockConfig
 .text.HAL_TIM_Base_Init
                0x00000000080021bc       0x9e ./Drivers/STM32F4xx_HAL_Driver/Src/stm32f4xx_hal_tim.o
                0x00000000080021bc                HAL_TIM_Base_Init
 .text.HAL_TIM_Base_MspInit
                0x000000000800225a       0x14 ./Drivers/STM32F4xx_HAL_Driver/Src/stm32f4xx_hal_tim.o
                0x000000000800225a                HAL_TIM_Base_MspInit
 *fill*         0x000000000800226e        0x2 
 .text.HAL_TIM_Base_Start_IT
                0x0000000008002270       0xe0 ./Drivers/STM32F4xx_HAL_Driver/Src/stm32f4xx_hal_tim.o
                0x0000000008002270                HAL_TIM_Base_Start_IT
 .text.HAL_TIM_IRQHandler
                0x0000000008002350      0x1e0 ./Drivers/STM32F4xx_HAL_Driver/Src/stm32f4xx_hal_tim.o
                0x0000000008002350                HAL_TIM_IRQHandler
 .text.HAL_TIM_OC_DelayElapsedCallback
                0x0000000008002530       0x14 ./Drivers/STM32F4xx_HAL_Driver/Src/stm32f4xx_hal_tim.o
                0x0000000008002530                HAL_TIM_OC_DelayElapsedCallback
 .text.HAL_TIM_IC_CaptureCallback
                0x0000000008002544       0x14 ./Drivers/STM32F4xx_HAL_Driver/Src/stm32f4xx_hal_tim.o
                0x0000000008002544                HAL_TIM_IC_CaptureCallback
 .text.HAL_TIM_PWM_PulseFinishedCallback
                0x0000000008002558       0x14 ./Drivers/STM32F4xx_HAL_Driver/Src/stm32f4xx_hal_tim.o
                0x0000000008002558                HAL_TIM_PWM_PulseFinishedCallback
 .text.HAL_TIM_TriggerCallback
                0x000000000800256c       0x14 ./Drivers/STM32F4xx_HAL_Driver/Src/stm32f4xx_hal_tim.o
                0x000000000800256c                HAL_TIM_TriggerCallback
 .text.TIM_Base_SetConfig
                0x0000000008002580      0x158 ./Drivers/STM32F4xx_HAL_Driver/Src/stm32f4xx_hal_tim.o
                0x0000000008002580                TIM_Base_SetConfig
 .text.HAL_TIMEx_CommutCallback
                0x00000000080026d8       0x14 ./Drivers/STM32F4xx_HAL_Driver/Src/stm32f4xx_hal_tim_ex.o
                0x00000000080026d8                HAL_TIMEx_CommutCallback
 .text.HAL_TIMEx_BreakCallback
                0x00000000080026ec       0x14 ./Drivers/STM32F4xx_HAL_Driver/Src/stm32f4xx_hal_tim_ex.o
                0x00000000080026ec                HAL_TIMEx_BreakCallback
 .text.LL_EXTI_EnableIT_0_31
                0x0000000008002700       0x24 ./Drivers/STM32F4xx_HAL_Driver/Src/stm32f4xx_ll_exti.o
 .text.LL_EXTI_DisableIT_0_31
                0x0000000008002724       0x28 ./Drivers/STM32F4xx_HAL_Driver/Src/stm32f4xx_ll_exti.o
 .text.LL_EXTI_EnableEvent_0_31
                0x000000000800274c       0x24 ./Drivers/STM32F4xx_HAL_Driver/Src/stm32f4xx_ll_exti.o
 .text.LL_EXTI_DisableEvent_0_31
                0x0000000008002770       0x28 ./Drivers/STM32F4xx_HAL_Driver/Src/stm32f4xx_ll_exti.o
 .text.LL_EXTI_EnableRisingTrig_0_31
                0x0000000008002798       0x24 ./Drivers/STM32F4xx_HAL_Driver/Src/stm32f4xx_ll_exti.o
 .text.LL_EXTI_DisableRisingTrig_0_31
                0x00000000080027bc       0x28 ./Drivers/STM32F4xx_HAL_Driver/Src/stm32f4xx_ll_exti.o
 .text.LL_EXTI_EnableFallingTrig_0_31
                0x00000000080027e4       0x24 ./Drivers/STM32F4xx_HAL_Driver/Src/stm32f4xx_ll_exti.o
 .text.LL_EXTI_DisableFallingTrig_0_31
                0x0000000008002808       0x28 ./Drivers/STM32F4xx_HAL_Driver/Src/stm32f4xx_ll_exti.o
 .text.LL_EXTI_Init
                0x0000000008002830      0x102 ./Drivers/STM32F4xx_HAL_Driver/Src/stm32f4xx_ll_exti.o
                0x0000000008002830                LL_EXTI_Init
 .text.LL_GPIO_SetPinMode
                0x0000000008002932       0x7a ./Drivers/STM32F4xx_HAL_Driver/Src/stm32f4xx_ll_gpio.o
 .text.LL_GPIO_SetPinOutputType
                0x00000000080029ac       0x30 ./Drivers/STM32F4xx_HAL_Driver/Src/stm32f4xx_ll_gpio.o
 .text.LL_GPIO_SetPinSpeed
                0x00000000080029dc       0x7a ./Drivers/STM32F4xx_HAL_Driver/Src/stm32f4xx_ll_gpio.o
 .text.LL_GPIO_SetPinPull
                0x0000000008002a56       0x7a ./Drivers/STM32F4xx_HAL_Driver/Src/stm32f4xx_ll_gpio.o
 .text.LL_GPIO_SetAFPin_0_7
                0x0000000008002ad0       0x7a ./Drivers/STM32F4xx_HAL_Driver/Src/stm32f4xx_ll_gpio.o
 .text.LL_GPIO_SetAFPin_8_15
                0x0000000008002b4a       0x7e ./Drivers/STM32F4xx_HAL_Driver/Src/stm32f4xx_ll_gpio.o
 .text.LL_GPIO_Init
                0x0000000008002bc8      0x102 ./Drivers/STM32F4xx_HAL_Driver/Src/stm32f4xx_ll_gpio.o
                0x0000000008002bc8                LL_GPIO_Init
 .text.LL_SPI_IsEnabled
                0x0000000008002cca       0x26 ./Drivers/STM32F4xx_HAL_Driver/Src/stm32f4xx_ll_spi.o
 .text.LL_SPI_SetCRCPolynomial
                0x0000000008002cf0       0x20 ./Drivers/STM32F4xx_HAL_Driver/Src/stm32f4xx_ll_spi.o
 .text.LL_SPI_Init
                0x0000000008002d10       0xa4 ./Drivers/STM32F4xx_HAL_Driver/Src/stm32f4xx_ll_spi.o
                0x0000000008002d10                LL_SPI_Init
 .text.LL_TIM_SetPrescaler
                0x0000000008002db4       0x1c ./Drivers/STM32F4xx_HAL_Driver/Src/stm32f4xx_ll_tim.o
 .text.LL_TIM_SetAutoReload
                0x0000000008002dd0       0x1c ./Drivers/STM32F4xx_HAL_Driver/Src/stm32f4xx_ll_tim.o
 .text.LL_TIM_SetRepetitionCounter
                0x0000000008002dec       0x1c ./Drivers/STM32F4xx_HAL_Driver/Src/stm32f4xx_ll_tim.o
 .text.LL_TIM_OC_SetCompareCH1
                0x0000000008002e08       0x1c ./Drivers/STM32F4xx_HAL_Driver/Src/stm32f4xx_ll_tim.o
 .text.LL_TIM_OC_SetCompareCH2
                0x0000000008002e24       0x1c ./Drivers/STM32F4xx_HAL_Driver/Src/stm32f4xx_ll_tim.o
 .text.LL_TIM_OC_SetCompareCH3
                0x0000000008002e40       0x1c ./Drivers/STM32F4xx_HAL_Driver/Src/stm32f4xx_ll_tim.o
 .text.LL_TIM_OC_SetCompareCH4
                0x0000000008002e5c       0x1c ./Drivers/STM32F4xx_HAL_Driver/Src/stm32f4xx_ll_tim.o
 .text.LL_TIM_GenerateEvent_UPDATE
                0x0000000008002e78       0x20 ./Drivers/STM32F4xx_HAL_Driver/Src/stm32f4xx_ll_tim.o
 .text.LL_TIM_Init
                0x0000000008002e98      0x134 ./Drivers/STM32F4xx_HAL_Driver/Src/stm32f4xx_ll_tim.o
                0x0000000008002e98                LL_TIM_Init
 .text.LL_TIM_OC_Init
                0x0000000008002fcc       0x82 ./Drivers/STM32F4xx_HAL_Driver/Src/stm32f4xx_ll_tim.o
                0x0000000008002fcc                LL_TIM_OC_Init
 *fill*         0x000000000800304e        0x2 
 .text.OC1Config
                0x0000000008003050       0xd8 ./Drivers/STM32F4xx_HAL_Driver/Src/stm32f4xx_ll_tim.o
 .text.OC2Config
                0x0000000008003128       0xe0 ./Drivers/STM32F4xx_HAL_Driver/Src/stm32f4xx_ll_tim.o
 .text.OC3Config
                0x0000000008003208       0xe0 ./Drivers/STM32F4xx_HAL_Driver/Src/stm32f4xx_ll_tim.o
 .text.OC4Config
                0x00000000080032e8       0xb0 ./Drivers/STM32F4xx_HAL_Driver/Src/stm32f4xx_ll_tim.o
 .text.LL_SetSystemCoreClock
                0x0000000008003398       0x20 ./Drivers/STM32F4xx_HAL_Driver/Src/stm32f4xx_ll_utils.o
                0x0000000008003398                LL_SetSystemCoreClock
 .text.__libc_init_array
                0x00000000080033b8       0x48 c:/st/stm32cubeide_1.10.1/stm32cubeide/plugins/com.st.stm32cube.ide.mcu.externaltools.gnu-tools-for-stm32.10.3-2021.10.win32_1.0.0.202111181127/tools/bin/../lib/gcc/arm-none-eabi/10.3.1/../../../../arm-none-eabi/lib/thumb/v7e-m+fp/hard\libc_nano.a(lib_a-init.o)
                0x00000000080033b8                __libc_init_array
 .text.memset   0x0000000008003400       0x10 c:/st/stm32cubeide_1.10.1/stm32cubeide/plugins/com.st.stm32cube.ide.mcu.externaltools.gnu-tools-for-stm32.10.3-2021.10.win32_1.0.0.202111181127/tools/bin/../lib/gcc/arm-none-eabi/10.3.1/../../../../arm-none-eabi/lib/thumb/v7e-m+fp/hard\libc_nano.a(lib_a-memset.o)
                0x0000000008003400                memset
 *(.glue_7)
 .glue_7        0x0000000008003410        0x0 linker stubs
 *(.glue_7t)
 .glue_7t       0x0000000008003410        0x0 linker stubs
 *(.eh_frame)
 .eh_frame      0x0000000008003410        0x0 c:/st/stm32cubeide_1.10.1/stm32cubeide/plugins/com.st.stm32cube.ide.mcu.externaltools.gnu-tools-for-stm32.10.3-2021.10.win32_1.0.0.202111181127/tools/bin/../lib/gcc/arm-none-eabi/10.3.1/thumb/v7e-m+fp/hard/crtbegin.o
 *(.init)
 .init          0x0000000008003410        0x4 c:/st/stm32cubeide_1.10.1/stm32cubeide/plugins/com.st.stm32cube.ide.mcu.externaltools.gnu-tools-for-stm32.10.3-2021.10.win32_1.0.0.202111181127/tools/bin/../lib/gcc/arm-none-eabi/10.3.1/thumb/v7e-m+fp/hard/crti.o
                0x0000000008003410                _init
 .init          0x0000000008003414        0x8 c:/st/stm32cubeide_1.10.1/stm32cubeide/plugins/com.st.stm32cube.ide.mcu.externaltools.gnu-tools-for-stm32.10.3-2021.10.win32_1.0.0.202111181127/tools/bin/../lib/gcc/arm-none-eabi/10.3.1/thumb/v7e-m+fp/hard/crtn.o
 *(.fini)
 .fini          0x000000000800341c        0x4 c:/st/stm32cubeide_1.10.1/stm32cubeide/plugins/com.st.stm32cube.ide.mcu.externaltools.gnu-tools-for-stm32.10.3-2021.10.win32_1.0.0.202111181127/tools/bin/../lib/gcc/arm-none-eabi/10.3.1/thumb/v7e-m+fp/hard/crti.o
                0x000000000800341c                _fini
 .fini          0x0000000008003420        0x8 c:/st/stm32cubeide_1.10.1/stm32cubeide/plugins/com.st.stm32cube.ide.mcu.externaltools.gnu-tools-for-stm32.10.3-2021.10.win32_1.0.0.202111181127/tools/bin/../lib/gcc/arm-none-eabi/10.3.1/thumb/v7e-m+fp/hard/crtn.o
                0x0000000008003428                . = ALIGN (0x4)
                0x0000000008003428                _etext = .

.vfp11_veneer   0x0000000008003428        0x0
 .vfp11_veneer  0x0000000008003428        0x0 linker stubs

.v4_bx          0x0000000008003428        0x0
 .v4_bx         0x0000000008003428        0x0 linker stubs

.iplt           0x0000000008003428        0x0
 .iplt          0x0000000008003428        0x0 c:/st/stm32cubeide_1.10.1/stm32cubeide/plugins/com.st.stm32cube.ide.mcu.externaltools.gnu-tools-for-stm32.10.3-2021.10.win32_1.0.0.202111181127/tools/bin/../lib/gcc/arm-none-eabi/10.3.1/thumb/v7e-m+fp/hard/crtbegin.o

.rodata         0x0000000008003428       0x20
                0x0000000008003428                . = ALIGN (0x4)
 *(.rodata)
 *(.rodata*)
 .rodata.STREAM_OFFSET_TAB
                0x0000000008003428        0x8 ./Core/Src/main.o
 .rodata.OFFSET_TAB_CCMRx
                0x0000000008003430        0x7 ./Core/Src/main.o
 *fill*         0x0000000008003437        0x1 
 .rodata.SHIFT_TAB_OCxx
                0x0000000008003438        0x7 ./Core/Src/main.o
 *fill*         0x000000000800343f        0x1 
 .rodata.APBPrescTable
                0x0000000008003440        0x8 ./Core/Src/system_stm32f4xx.o
                0x0000000008003440                APBPrescTable
                0x0000000008003448                . = ALIGN (0x4)

.rel.dyn        0x0000000008003448        0x0
 .rel.iplt      0x0000000008003448        0x0 c:/st/stm32cubeide_1.10.1/stm32cubeide/plugins/com.st.stm32cube.ide.mcu.externaltools.gnu-tools-for-stm32.10.3-2021.10.win32_1.0.0.202111181127/tools/bin/../lib/gcc/arm-none-eabi/10.3.1/thumb/v7e-m+fp/hard/crtbegin.o

.ARM.extab      0x0000000008003448        0x0
                0x0000000008003448                . = ALIGN (0x4)
 *(.ARM.extab* .gnu.linkonce.armextab.*)
                0x0000000008003448                . = ALIGN (0x4)

.ARM            0x0000000008003448        0x0
                0x0000000008003448                . = ALIGN (0x4)
                0x0000000008003448                __exidx_start = .
 *(.ARM.exidx*)
                0x0000000008003448                __exidx_end = .
                0x0000000008003448                . = ALIGN (0x4)

.preinit_array  0x0000000008003448        0x0
                0x0000000008003448                . = ALIGN (0x4)
                0x0000000008003448                PROVIDE (__preinit_array_start = .)
 *(.preinit_array*)
                0x0000000008003448                PROVIDE (__preinit_array_end = .)
                0x0000000008003448                . = ALIGN (0x4)

.init_array     0x0000000008003448        0x4
                0x0000000008003448                . = ALIGN (0x4)
                0x0000000008003448                PROVIDE (__init_array_start = .)
 *(SORT_BY_NAME(.init_array.*))
 *(.init_array*)
 .init_array    0x0000000008003448        0x4 c:/st/stm32cubeide_1.10.1/stm32cubeide/plugins/com.st.stm32cube.ide.mcu.externaltools.gnu-tools-for-stm32.10.3-2021.10.win32_1.0.0.202111181127/tools/bin/../lib/gcc/arm-none-eabi/10.3.1/thumb/v7e-m+fp/hard/crtbegin.o
                0x000000000800344c                PROVIDE (__init_array_end = .)
                0x000000000800344c                . = ALIGN (0x4)

.fini_array     0x000000000800344c        0x4
                0x000000000800344c                . = ALIGN (0x4)
                [!provide]                        PROVIDE (__fini_array_start = .)
 *(SORT_BY_NAME(.fini_array.*))
 *(.fini_array*)
 .fini_array    0x000000000800344c        0x4 c:/st/stm32cubeide_1.10.1/stm32cubeide/plugins/com.st.stm32cube.ide.mcu.externaltools.gnu-tools-for-stm32.10.3-2021.10.win32_1.0.0.202111181127/tools/bin/../lib/gcc/arm-none-eabi/10.3.1/thumb/v7e-m+fp/hard/crtbegin.o
                [!provide]                        PROVIDE (__fini_array_end = .)
                0x0000000008003450                . = ALIGN (0x4)
                0x0000000008003450                _sidata = LOADADDR (.data)

.data           0x0000000020000000        0xc load address 0x0000000008003450
                0x0000000020000000                . = ALIGN (0x4)
                0x0000000020000000                _sdata = .
 *(.data)
 *(.data*)
 .data.SystemCoreClock
                0x0000000020000000        0x4 ./Core/Src/system_stm32f4xx.o
                0x0000000020000000                SystemCoreClock
 .data.uwTickPrio
                0x0000000020000004        0x4 ./Drivers/STM32F4xx_HAL_Driver/Src/stm32f4xx_hal.o
                0x0000000020000004                uwTickPrio
 .data.uwTickFreq
                0x0000000020000008        0x1 ./Drivers/STM32F4xx_HAL_Driver/Src/stm32f4xx_hal.o
                0x0000000020000008                uwTickFreq
 *(.RamFunc)
 *(.RamFunc*)
                0x000000002000000c                . = ALIGN (0x4)
 *fill*         0x0000000020000009        0x3 
                0x000000002000000c                _edata = .
                0x000000000800345c                _siccmram = LOADADDR (.ccmram)

.igot.plt       0x000000002000000c        0x0 load address 0x000000000800345c
 .igot.plt      0x000000002000000c        0x0 c:/st/stm32cubeide_1.10.1/stm32cubeide/plugins/com.st.stm32cube.ide.mcu.externaltools.gnu-tools-for-stm32.10.3-2021.10.win32_1.0.0.202111181127/tools/bin/../lib/gcc/arm-none-eabi/10.3.1/thumb/v7e-m+fp/hard/crtbegin.o

.ccmram         0x0000000010000000        0x0 load address 0x000000000800345c
                0x0000000010000000                . = ALIGN (0x4)
                0x0000000010000000                _sccmram = .
 *(.ccmram)
 *(.ccmram*)
                0x0000000010000000                . = ALIGN (0x4)
                0x0000000010000000                _eccmram = .
                0x0000000010000000                . = ALIGN (0x4)

.bss            0x000000002000000c       0xbc
                0x000000002000000c                _sbss = .
                0x000000002000000c                __bss_start__ = _sbss
 *(.bss)
 .bss           0x000000002000000c       0x1c c:/st/stm32cubeide_1.10.1/stm32cubeide/plugins/com.st.stm32cube.ide.mcu.externaltools.gnu-tools-for-stm32.10.3-2021.10.win32_1.0.0.202111181127/tools/bin/../lib/gcc/arm-none-eabi/10.3.1/thumb/v7e-m+fp/hard/crtbegin.o
 *(.bss*)
 .bss.hi2c3     0x0000000020000028       0x54 ./Core/Src/main.o
                0x0000000020000028                hi2c3
 .bss.htim6     0x000000002000007c       0x48 ./Core/Src/stm32f4xx_hal_timebase_tim.o
                0x000000002000007c                htim6
 .bss.uwTick    0x00000000200000c4        0x4 ./Drivers/STM32F4xx_HAL_Driver/Src/stm32f4xx_hal.o
                0x00000000200000c4                uwTick
 *(COMMON)
                0x00000000200000c8                . = ALIGN (0x4)
                0x00000000200000c8                _ebss = .
                0x00000000200000c8                __bss_end__ = _ebss

._user_heap_stack
                0x00000000200000c8      0x600
                0x00000000200000c8                . = ALIGN (0x8)
                [!provide]                        PROVIDE (end = .)
                0x00000000200000c8                PROVIDE (_end = .)
                0x00000000200002c8                . = (. + _Min_Heap_Size)
 *fill*         0x00000000200000c8      0x200 
                0x00000000200006c8                . = (. + _Min_Stack_Size)
 *fill*         0x00000000200002c8      0x400 
                0x00000000200006c8                . = ALIGN (0x8)

/DISCARD/
 libc.a(*)
 libm.a(*)
 libgcc.a(*)

.ARM.attributes
                0x0000000000000000       0x30
 *(.ARM.attributes)
 .ARM.attributes
                0x0000000000000000       0x1e c:/st/stm32cubeide_1.10.1/stm32cubeide/plugins/com.st.stm32cube.ide.mcu.externaltools.gnu-tools-for-stm32.10.3-2021.10.win32_1.0.0.202111181127/tools/bin/../lib/gcc/arm-none-eabi/10.3.1/thumb/v7e-m+fp/hard/crti.o
 .ARM.attributes
                0x000000000000001e       0x34 c:/st/stm32cubeide_1.10.1/stm32cubeide/plugins/com.st.stm32cube.ide.mcu.externaltools.gnu-tools-for-stm32.10.3-2021.10.win32_1.0.0.202111181127/tools/bin/../lib/gcc/arm-none-eabi/10.3.1/thumb/v7e-m+fp/hard/crtbegin.o
 .ARM.attributes
                0x0000000000000052       0x34 ./Core/Src/main.o
 .ARM.attributes
                0x0000000000000086       0x34 ./Core/Src/stm32f4xx_hal_msp.o
 .ARM.attributes
                0x00000000000000ba       0x34 ./Core/Src/stm32f4xx_hal_timebase_tim.o
 .ARM.attributes
                0x00000000000000ee       0x34 ./Core/Src/stm32f4xx_it.o
 .ARM.attributes
                0x0000000000000122       0x34 ./Core/Src/system_stm32f4xx.o
 .ARM.attributes
                0x0000000000000156       0x21 ./Core/Startup/startup_stm32f429zitx.o
 .ARM.attributes
                0x0000000000000177       0x34 ./Drivers/STM32F4xx_HAL_Driver/Src/stm32f4xx_hal.o
 .ARM.attributes
                0x00000000000001ab       0x34 ./Drivers/STM32F4xx_HAL_Driver/Src/stm32f4xx_hal_cortex.o
 .ARM.attributes
                0x00000000000001df       0x34 ./Drivers/STM32F4xx_HAL_Driver/Src/stm32f4xx_hal_gpio.o
 .ARM.attributes
                0x0000000000000213       0x34 ./Drivers/STM32F4xx_HAL_Driver/Src/stm32f4xx_hal_i2c.o
 .ARM.attributes
                0x0000000000000247       0x34 ./Drivers/STM32F4xx_HAL_Driver/Src/stm32f4xx_hal_i2c_ex.o
 .ARM.attributes
                0x000000000000027b       0x34 ./Drivers/STM32F4xx_HAL_Driver/Src/stm32f4xx_hal_rcc.o
 .ARM.attributes
                0x00000000000002af       0x34 ./Drivers/STM32F4xx_HAL_Driver/Src/stm32f4xx_hal_tim.o
 .ARM.attributes
                0x00000000000002e3       0x34 ./Drivers/STM32F4xx_HAL_Driver/Src/stm32f4xx_hal_tim_ex.o
 .ARM.attributes
                0x0000000000000317       0x34 ./Drivers/STM32F4xx_HAL_Driver/Src/stm32f4xx_ll_exti.o
 .ARM.attributes
                0x000000000000034b       0x34 ./Drivers/STM32F4xx_HAL_Driver/Src/stm32f4xx_ll_gpio.o
 .ARM.attributes
                0x000000000000037f       0x34 ./Drivers/STM32F4xx_HAL_Driver/Src/stm32f4xx_ll_spi.o
 .ARM.attributes
                0x00000000000003b3       0x34 ./Drivers/STM32F4xx_HAL_Driver/Src/stm32f4xx_ll_tim.o
 .ARM.attributes
                0x00000000000003e7       0x34 ./Drivers/STM32F4xx_HAL_Driver/Src/stm32f4xx_ll_utils.o
 .ARM.attributes
                0x000000000000041b       0x34 c:/st/stm32cubeide_1.10.1/stm32cubeide/plugins/com.st.stm32cube.ide.mcu.externaltools.gnu-tools-for-stm32.10.3-2021.10.win32_1.0.0.202111181127/tools/bin/../lib/gcc/arm-none-eabi/10.3.1/../../../../arm-none-eabi/lib/thumb/v7e-m+fp/hard\libc_nano.a(lib_a-init.o)
 .ARM.attributes
                0x000000000000044f       0x34 c:/st/stm32cubeide_1.10.1/stm32cubeide/plugins/com.st.stm32cube.ide.mcu.externaltools.gnu-tools-for-stm32.10.3-2021.10.win32_1.0.0.202111181127/tools/bin/../lib/gcc/arm-none-eabi/10.3.1/../../../../arm-none-eabi/lib/thumb/v7e-m+fp/hard\libc_nano.a(lib_a-memset.o)
 .ARM.attributes
                0x0000000000000483       0x1e c:/st/stm32cubeide_1.10.1/stm32cubeide/plugins/com.st.stm32cube.ide.mcu.externaltools.gnu-tools-for-stm32.10.3-2021.10.win32_1.0.0.202111181127/tools/bin/../lib/gcc/arm-none-eabi/10.3.1/thumb/v7e-m+fp/hard/crtn.o
OUTPUT(LCD_ST7789_SPI_DMA_LL.elf elf32-littlearm)
LOAD linker stubs
LOAD c:/st/stm32cubeide_1.10.1/stm32cubeide/plugins/com.st.stm32cube.ide.mcu.externaltools.gnu-tools-for-stm32.10.3-2021.10.win32_1.0.0.202111181127/tools/bin/../lib/gcc/arm-none-eabi/10.3.1/../../../../arm-none-eabi/lib/thumb/v7e-m+fp/hard\libc.a
LOAD c:/st/stm32cubeide_1.10.1/stm32cubeide/plugins/com.st.stm32cube.ide.mcu.externaltools.gnu-tools-for-stm32.10.3-2021.10.win32_1.0.0.202111181127/tools/bin/../lib/gcc/arm-none-eabi/10.3.1/../../../../arm-none-eabi/lib/thumb/v7e-m+fp/hard\libm.a
LOAD c:/st/stm32cubeide_1.10.1/stm32cubeide/plugins/com.st.stm32cube.ide.mcu.externaltools.gnu-tools-for-stm32.10.3-2021.10.win32_1.0.0.202111181127/tools/bin/../lib/gcc/arm-none-eabi/10.3.1/thumb/v7e-m+fp/hard\libgcc.a

.debug_info     0x0000000000000000    0x11430
 .debug_info    0x0000000000000000     0x2798 ./Core/Src/main.o
 .debug_info    0x0000000000002798      0xae2 ./Core/Src/stm32f4xx_hal_msp.o
 .debug_info    0x000000000000327a      0xc9d ./Core/Src/stm32f4xx_hal_timebase_tim.o
 .debug_info    0x0000000000003f17      0x81a ./Core/Src/stm32f4xx_it.o
 .debug_info    0x0000000000004731      0x53f ./Core/Src/system_stm32f4xx.o
 .debug_info    0x0000000000004c70       0x22 ./Core/Startup/startup_stm32f429zitx.o
 .debug_info    0x0000000000004c92      0x9f4 ./Drivers/STM32F4xx_HAL_Driver/Src/stm32f4xx_hal.o
 .debug_info    0x0000000000005686      0xe64 ./Drivers/STM32F4xx_HAL_Driver/Src/stm32f4xx_hal_cortex.o
 .debug_info    0x00000000000064ea      0x786 ./Drivers/STM32F4xx_HAL_Driver/Src/stm32f4xx_hal_gpio.o
 .debug_info    0x0000000000006c70     0x264f ./Drivers/STM32F4xx_HAL_Driver/Src/stm32f4xx_hal_i2c.o
 .debug_info    0x00000000000092bf      0x6b6 ./Drivers/STM32F4xx_HAL_Driver/Src/stm32f4xx_hal_i2c_ex.o
 .debug_info    0x0000000000009975      0x982 ./Drivers/STM32F4xx_HAL_Driver/Src/stm32f4xx_hal_rcc.o
 .debug_info    0x000000000000a2f7     0x2c17 ./Drivers/STM32F4xx_HAL_Driver/Src/stm32f4xx_hal_tim.o
 .debug_info    0x000000000000cf0e     0x160f ./Drivers/STM32F4xx_HAL_Driver/Src/stm32f4xx_hal_tim_ex.o
 .debug_info    0x000000000000e51d      0x366 ./Drivers/STM32F4xx_HAL_Driver/Src/stm32f4xx_ll_exti.o
 .debug_info    0x000000000000e883      0x9ea ./Drivers/STM32F4xx_HAL_Driver/Src/stm32f4xx_ll_gpio.o
 .debug_info    0x000000000000f26d      0x828 ./Drivers/STM32F4xx_HAL_Driver/Src/stm32f4xx_ll_spi.o
 .debug_info    0x000000000000fa95      0xff7 ./Drivers/STM32F4xx_HAL_Driver/Src/stm32f4xx_ll_tim.o
 .debug_info    0x0000000000010a8c      0x9a4 ./Drivers/STM32F4xx_HAL_Driver/Src/stm32f4xx_ll_utils.o

.debug_abbrev   0x0000000000000000     0x2689
 .debug_abbrev  0x0000000000000000      0x431 ./Core/Src/main.o
 .debug_abbrev  0x0000000000000431      0x19b ./Core/Src/stm32f4xx_hal_msp.o
 .debug_abbrev  0x00000000000005cc      0x1e6 ./Core/Src/stm32f4xx_hal_timebase_tim.o
 .debug_abbrev  0x00000000000007b2      0x189 ./Core/Src/stm32f4xx_it.o
 .debug_abbrev  0x000000000000093b      0x116 ./Core/Src/system_stm32f4xx.o
 .debug_abbrev  0x0000000000000a51       0x12 ./Core/Startup/startup_stm32f429zitx.o
 .debug_abbrev  0x0000000000000a63      0x20d ./Drivers/STM32F4xx_HAL_Driver/Src/stm32f4xx_hal.o
 .debug_abbrev  0x0000000000000c70      0x316 ./Drivers/STM32F4xx_HAL_Driver/Src/stm32f4xx_hal_cortex.o
 .debug_abbrev  0x0000000000000f86      0x1c4 ./Drivers/STM32F4xx_HAL_Driver/Src/stm32f4xx_hal_gpio.o
 .debug_abbrev  0x000000000000114a      0x297 ./Drivers/STM32F4xx_HAL_Driver/Src/stm32f4xx_hal_i2c.o
 .debug_abbrev  0x00000000000013e1      0x14c ./Drivers/STM32F4xx_HAL_Driver/Src/stm32f4xx_hal_i2c_ex.o
 .debug_abbrev  0x000000000000152d      0x2aa ./Drivers/STM32F4xx_HAL_Driver/Src/stm32f4xx_hal_rcc.o
 .debug_abbrev  0x00000000000017d7      0x264 ./Drivers/STM32F4xx_HAL_Driver/Src/stm32f4xx_hal_tim.o
 .debug_abbrev  0x0000000000001a3b      0x26c ./Drivers/STM32F4xx_HAL_Driver/Src/stm32f4xx_hal_tim_ex.o
 .debug_abbrev  0x0000000000001ca7      0x183 ./Drivers/STM32F4xx_HAL_Driver/Src/stm32f4xx_ll_exti.o
 .debug_abbrev  0x0000000000001e2a      0x223 ./Drivers/STM32F4xx_HAL_Driver/Src/stm32f4xx_ll_gpio.o
 .debug_abbrev  0x000000000000204d      0x20d ./Drivers/STM32F4xx_HAL_Driver/Src/stm32f4xx_ll_spi.o
 .debug_abbrev  0x000000000000225a      0x205 ./Drivers/STM32F4xx_HAL_Driver/Src/stm32f4xx_ll_tim.o
 .debug_abbrev  0x000000000000245f      0x22a ./Drivers/STM32F4xx_HAL_Driver/Src/stm32f4xx_ll_utils.o

.debug_aranges  0x0000000000000000     0x1188
 .debug_aranges
                0x0000000000000000      0x1c8 ./Core/Src/main.o
 .debug_aranges
                0x00000000000001c8       0x30 ./Core/Src/stm32f4xx_hal_msp.o
 .debug_aranges
                0x00000000000001f8       0x30 ./Core/Src/stm32f4xx_hal_timebase_tim.o
 .debug_aranges
                0x0000000000000228       0x70 ./Core/Src/stm32f4xx_it.o
 .debug_aranges
                0x0000000000000298       0x28 ./Core/Src/system_stm32f4xx.o
 .debug_aranges
                0x00000000000002c0       0x28 ./Core/Startup/startup_stm32f429zitx.o
 .debug_aranges
                0x00000000000002e8      0x100 ./Drivers/STM32F4xx_HAL_Driver/Src/stm32f4xx_hal.o
 .debug_aranges
                0x00000000000003e8      0x120 ./Drivers/STM32F4xx_HAL_Driver/Src/stm32f4xx_hal_cortex.o
 .debug_aranges
                0x0000000000000508       0x58 ./Drivers/STM32F4xx_HAL_Driver/Src/stm32f4xx_hal_gpio.o
 .debug_aranges
                0x0000000000000560      0x2a8 ./Drivers/STM32F4xx_HAL_Driver/Src/stm32f4xx_hal_i2c.o
 .debug_aranges
                0x0000000000000808       0x28 ./Drivers/STM32F4xx_HAL_Driver/Src/stm32f4xx_hal_i2c_ex.o
 .debug_aranges
                0x0000000000000830       0x88 ./Drivers/STM32F4xx_HAL_Driver/Src/stm32f4xx_hal_rcc.o
 .debug_aranges
                0x00000000000008b8      0x3d0 ./Drivers/STM32F4xx_HAL_Driver/Src/stm32f4xx_hal_tim.o
 .debug_aranges
                0x0000000000000c88      0x168 ./Drivers/STM32F4xx_HAL_Driver/Src/stm32f4xx_hal_tim_ex.o
 .debug_aranges
                0x0000000000000df0       0x70 ./Drivers/STM32F4xx_HAL_Driver/Src/stm32f4xx_ll_exti.o
 .debug_aranges
                0x0000000000000e60       0x70 ./Drivers/STM32F4xx_HAL_Driver/Src/stm32f4xx_ll_gpio.o
 .debug_aranges
                0x0000000000000ed0       0x90 ./Drivers/STM32F4xx_HAL_Driver/Src/stm32f4xx_ll_spi.o
 .debug_aranges
                0x0000000000000f60      0x128 ./Drivers/STM32F4xx_HAL_Driver/Src/stm32f4xx_ll_tim.o
 .debug_aranges
                0x0000000000001088      0x100 ./Drivers/STM32F4xx_HAL_Driver/Src/stm32f4xx_ll_utils.o

.debug_ranges   0x0000000000000000     0x1078
 .debug_ranges  0x0000000000000000      0x1b8 ./Core/Src/main.o
 .debug_ranges  0x00000000000001b8       0x20 ./Core/Src/stm32f4xx_hal_msp.o
 .debug_ranges  0x00000000000001d8       0x20 ./Core/Src/stm32f4xx_hal_timebase_tim.o
 .debug_ranges  0x00000000000001f8       0x60 ./Core/Src/stm32f4xx_it.o
 .debug_ranges  0x0000000000000258       0x18 ./Core/Src/system_stm32f4xx.o
 .debug_ranges  0x0000000000000270       0x20 ./Core/Startup/startup_stm32f429zitx.o
 .debug_ranges  0x0000000000000290       0xf0 ./Drivers/STM32F4xx_HAL_Driver/Src/stm32f4xx_hal.o
 .debug_ranges  0x0000000000000380      0x110 ./Drivers/STM32F4xx_HAL_Driver/Src/stm32f4xx_hal_cortex.o
 .debug_ranges  0x0000000000000490       0x48 ./Drivers/STM32F4xx_HAL_Driver/Src/stm32f4xx_hal_gpio.o
 .debug_ranges  0x00000000000004d8      0x2b0 ./Drivers/STM32F4xx_HAL_Driver/Src/stm32f4xx_hal_i2c.o
 .debug_ranges  0x0000000000000788       0x18 ./Drivers/STM32F4xx_HAL_Driver/Src/stm32f4xx_hal_i2c_ex.o
 .debug_ranges  0x00000000000007a0       0x78 ./Drivers/STM32F4xx_HAL_Driver/Src/stm32f4xx_hal_rcc.o
 .debug_ranges  0x0000000000000818      0x3c0 ./Drivers/STM32F4xx_HAL_Driver/Src/stm32f4xx_hal_tim.o
 .debug_ranges  0x0000000000000bd8      0x158 ./Drivers/STM32F4xx_HAL_Driver/Src/stm32f4xx_hal_tim_ex.o
 .debug_ranges  0x0000000000000d30       0x60 ./Drivers/STM32F4xx_HAL_Driver/Src/stm32f4xx_ll_exti.o
 .debug_ranges  0x0000000000000d90       0x60 ./Drivers/STM32F4xx_HAL_Driver/Src/stm32f4xx_ll_gpio.o
 .debug_ranges  0x0000000000000df0       0x80 ./Drivers/STM32F4xx_HAL_Driver/Src/stm32f4xx_ll_spi.o
 .debug_ranges  0x0000000000000e70      0x118 ./Drivers/STM32F4xx_HAL_Driver/Src/stm32f4xx_ll_tim.o
 .debug_ranges  0x0000000000000f88       0xf0 ./Drivers/STM32F4xx_HAL_Driver/Src/stm32f4xx_ll_utils.o

.debug_macro    0x0000000000000000     0x323a
 .debug_macro   0x0000000000000000      0x271 ./Core/Src/main.o
 .debug_macro   0x0000000000000271      0x112 ./Core/Src/main.o
 .debug_macro   0x0000000000000383      0x24f ./Core/Src/stm32f4xx_hal_msp.o
 .debug_macro   0x00000000000005d2      0x1dd ./Core/Src/stm32f4xx_hal_timebase_tim.o
 .debug_macro   0x00000000000007af      0x259 ./Core/Src/stm32f4xx_it.o
 .debug_macro   0x0000000000000a08      0x1dd ./Core/Src/system_stm32f4xx.o
 .debug_macro   0x0000000000000be5      0x23d ./Drivers/STM32F4xx_HAL_Driver/Src/stm32f4xx_hal.o
 .debug_macro   0x0000000000000e22      0x1dd ./Drivers/STM32F4xx_HAL_Driver/Src/stm32f4xx_hal_cortex.o
 .debug_macro   0x0000000000000fff      0x1e3 ./Drivers/STM32F4xx_HAL_Driver/Src/stm32f4xx_hal_gpio.o
 .debug_macro   0x00000000000011e2      0x22b ./Drivers/STM32F4xx_HAL_Driver/Src/stm32f4xx_hal_i2c.o
 .debug_macro   0x000000000000140d      0x1dd ./Drivers/STM32F4xx_HAL_Driver/Src/stm32f4xx_hal_i2c_ex.o
 .debug_macro   0x00000000000015ea      0x201 ./Drivers/STM32F4xx_HAL_Driver/Src/stm32f4xx_hal_rcc.o
 .debug_macro   0x00000000000017eb      0x1de ./Drivers/STM32F4xx_HAL_Driver/Src/stm32f4xx_hal_tim.o
 .debug_macro   0x00000000000019c9      0x1dd ./Drivers/STM32F4xx_HAL_Driver/Src/stm32f4xx_hal_tim_ex.o
 .debug_macro   0x0000000000001ba6      0x204 ./Drivers/STM32F4xx_HAL_Driver/Src/stm32f4xx_ll_exti.o
 .debug_macro   0x0000000000001daa       0xe2 ./Drivers/STM32F4xx_HAL_Driver/Src/stm32f4xx_ll_exti.o
 .debug_macro   0x0000000000001e8c      0x21f ./Drivers/STM32F4xx_HAL_Driver/Src/stm32f4xx_ll_gpio.o
 .debug_macro   0x00000000000020ab      0x143 ./Drivers/STM32F4xx_HAL_Driver/Src/stm32f4xx_ll_gpio.o
 .debug_macro   0x00000000000021ee      0x28c ./Drivers/STM32F4xx_HAL_Driver/Src/stm32f4xx_ll_spi.o
 .debug_macro   0x000000000000247a      0x235 ./Drivers/STM32F4xx_HAL_Driver/Src/stm32f4xx_ll_spi.o
 .debug_macro   0x00000000000026af      0x268 ./Drivers/STM32F4xx_HAL_Driver/Src/stm32f4xx_ll_tim.o
 .debug_macro   0x0000000000002917      0x5ed ./Drivers/STM32F4xx_HAL_Driver/Src/stm32f4xx_ll_tim.o
 .debug_macro   0x0000000000002f04      0x2db ./Drivers/STM32F4xx_HAL_Driver/Src/stm32f4xx_ll_utils.o
 .debug_macro   0x00000000000031df       0x5b ./Drivers/STM32F4xx_HAL_Driver/Src/stm32f4xx_ll_utils.o

.debug_line     0x0000000000000000    0x12a31
 .debug_line    0x0000000000000000     0x135f ./Core/Src/main.o
 .debug_line    0x000000000000135f      0x82f ./Core/Src/stm32f4xx_hal_msp.o
 .debug_line    0x0000000000001b8e      0x750 ./Core/Src/stm32f4xx_hal_timebase_tim.o
 .debug_line    0x00000000000022de      0x8b9 ./Core/Src/stm32f4xx_it.o
 .debug_line    0x0000000000002b97      0x756 ./Core/Src/system_stm32f4xx.o
 .debug_line    0x00000000000032ed       0x88 ./Core/Startup/startup_stm32f429zitx.o
 .debug_line    0x0000000000003375      0x9f2 ./Drivers/STM32F4xx_HAL_Driver/Src/stm32f4xx_hal.o
 .debug_line    0x0000000000003d67      0xc88 ./Drivers/STM32F4xx_HAL_Driver/Src/stm32f4xx_hal_cortex.o
 .debug_line    0x00000000000049ef      0xb58 ./Drivers/STM32F4xx_HAL_Driver/Src/stm32f4xx_hal_gpio.o
 .debug_line    0x0000000000005547     0x3a11 ./Drivers/STM32F4xx_HAL_Driver/Src/stm32f4xx_hal_i2c.o
 .debug_line    0x0000000000008f58      0x74f ./Drivers/STM32F4xx_HAL_Driver/Src/stm32f4xx_hal_i2c_ex.o
 .debug_line    0x00000000000096a7      0xd38 ./Drivers/STM32F4xx_HAL_Driver/Src/stm32f4xx_hal_rcc.o
 .debug_line    0x000000000000a3df     0x36e7 ./Drivers/STM32F4xx_HAL_Driver/Src/stm32f4xx_hal_tim.o
 .debug_line    0x000000000000dac6     0x19af ./Drivers/STM32F4xx_HAL_Driver/Src/stm32f4xx_hal_tim_ex.o
 .debug_line    0x000000000000f475      0x84a ./Drivers/STM32F4xx_HAL_Driver/Src/stm32f4xx_ll_exti.o
 .debug_line    0x000000000000fcbf      0xa25 ./Drivers/STM32F4xx_HAL_Driver/Src/stm32f4xx_ll_gpio.o
 .debug_line    0x00000000000106e4      0x9db ./Drivers/STM32F4xx_HAL_Driver/Src/stm32f4xx_ll_spi.o
 .debug_line    0x00000000000110bf      0xd23 ./Drivers/STM32F4xx_HAL_Driver/Src/stm32f4xx_ll_tim.o
 .debug_line    0x0000000000011de2      0xc4f ./Drivers/STM32F4xx_HAL_Driver/Src/stm32f4xx_ll_utils.o

.debug_str      0x0000000000000000    0xebf4f
 .debug_str     0x0000000000000000    0xe5055 ./Core/Src/main.o
                                      0xe5f51 (size before relaxing)
 .debug_str     0x00000000000e5055       0x71 ./Core/Src/stm32f4xx_hal_msp.o
                                      0xe4522 (size before relaxing)
 .debug_str     0x00000000000e50c6      0x178 ./Core/Src/stm32f4xx_hal_timebase_tim.o
                                      0xd33f3 (size before relaxing)
 .debug_str     0x00000000000e523e       0xfc ./Core/Src/stm32f4xx_it.o
                                      0xe4472 (size before relaxing)
 .debug_str     0x00000000000e533a       0x77 ./Core/Src/system_stm32f4xx.o
                                      0xd2898 (size before relaxing)
 .debug_str     0x00000000000e53b1       0x36 ./Core/Startup/startup_stm32f429zitx.o
                                         0x5b (size before relaxing)
 .debug_str     0x00000000000e53e7      0x5e6 ./Drivers/STM32F4xx_HAL_Driver/Src/stm32f4xx_hal.o
                                      0xd34bb (size before relaxing)
 .debug_str     0x00000000000e59cd      0x2bc ./Drivers/STM32F4xx_HAL_Driver/Src/stm32f4xx_hal_cortex.o
                                      0xd31b7 (size before relaxing)
 .debug_str     0x00000000000e5c89      0x134 ./Drivers/STM32F4xx_HAL_Driver/Src/stm32f4xx_hal_gpio.o
                                      0xd2a13 (size before relaxing)
 .debug_str     0x00000000000e5dbd      0xb3c ./Drivers/STM32F4xx_HAL_Driver/Src/stm32f4xx_hal_i2c.o
                                      0xd38a8 (size before relaxing)
 .debug_str     0x00000000000e68f9       0x3b ./Drivers/STM32F4xx_HAL_Driver/Src/stm32f4xx_hal_i2c_ex.o
                                      0xd2c67 (size before relaxing)
 .debug_str     0x00000000000e6934      0x2c1 ./Drivers/STM32F4xx_HAL_Driver/Src/stm32f4xx_hal_rcc.o
                                      0xd2ccc (size before relaxing)
 .debug_str     0x00000000000e6bf5      0xdd5 ./Drivers/STM32F4xx_HAL_Driver/Src/stm32f4xx_hal_tim.o
                                      0xd3c0f (size before relaxing)
 .debug_str     0x00000000000e79ca      0x4f3 ./Drivers/STM32F4xx_HAL_Driver/Src/stm32f4xx_hal_tim_ex.o
                                      0xd341b (size before relaxing)
 .debug_str     0x00000000000e7ebd      0x2f6 ./Drivers/STM32F4xx_HAL_Driver/Src/stm32f4xx_ll_exti.o
                                      0xd2f0d (size before relaxing)
 .debug_str     0x00000000000e81b3      0x62a ./Drivers/STM32F4xx_HAL_Driver/Src/stm32f4xx_ll_gpio.o
                                      0xd4492 (size before relaxing)
 .debug_str     0x00000000000e87dd      0xe3c ./Drivers/STM32F4xx_HAL_Driver/Src/stm32f4xx_ll_spi.o
                                      0xdc54d (size before relaxing)
 .debug_str     0x00000000000e9619     0x114f ./Drivers/STM32F4xx_HAL_Driver/Src/stm32f4xx_ll_tim.o
                                      0xd7b9c (size before relaxing)
 .debug_str     0x00000000000ea768     0x17e7 ./Drivers/STM32F4xx_HAL_Driver/Src/stm32f4xx_ll_utils.o
                                      0xdcbbc (size before relaxing)

.comment        0x0000000000000000       0x50
 .comment       0x0000000000000000       0x50 ./Core/Src/main.o
                                         0x51 (size before relaxing)
 .comment       0x0000000000000050       0x51 ./Core/Src/stm32f4xx_hal_msp.o
 .comment       0x0000000000000050       0x51 ./Core/Src/stm32f4xx_hal_timebase_tim.o
 .comment       0x0000000000000050       0x51 ./Core/Src/stm32f4xx_it.o
 .comment       0x0000000000000050       0x51 ./Core/Src/system_stm32f4xx.o
 .comment       0x0000000000000050       0x51 ./Drivers/STM32F4xx_HAL_Driver/Src/stm32f4xx_hal.o
 .comment       0x0000000000000050       0x51 ./Drivers/STM32F4xx_HAL_Driver/Src/stm32f4xx_hal_cortex.o
 .comment       0x0000000000000050       0x51 ./Drivers/STM32F4xx_HAL_Driver/Src/stm32f4xx_hal_gpio.o
 .comment       0x0000000000000050       0x51 ./Drivers/STM32F4xx_HAL_Driver/Src/stm32f4xx_hal_i2c.o
 .comment       0x0000000000000050       0x51 ./Drivers/STM32F4xx_HAL_Driver/Src/stm32f4xx_hal_i2c_ex.o
 .comment       0x0000000000000050       0x51 ./Drivers/STM32F4xx_HAL_Driver/Src/stm32f4xx_hal_rcc.o
 .comment       0x0000000000000050       0x51 ./Drivers/STM32F4xx_HAL_Driver/Src/stm32f4xx_hal_tim.o
 .comment       0x0000000000000050       0x51 ./Drivers/STM32F4xx_HAL_Driver/Src/stm32f4xx_hal_tim_ex.o
 .comment       0x0000000000000050       0x51 ./Drivers/STM32F4xx_HAL_Driver/Src/stm32f4xx_ll_exti.o
 .comment       0x0000000000000050       0x51 ./Drivers/STM32F4xx_HAL_Driver/Src/stm32f4xx_ll_gpio.o
 .comment       0x0000000000000050       0x51 ./Drivers/STM32F4xx_HAL_Driver/Src/stm32f4xx_ll_spi.o
 .comment       0x0000000000000050       0x51 ./Drivers/STM32F4xx_HAL_Driver/Src/stm32f4xx_ll_tim.o
 .comment       0x0000000000000050       0x51 ./Drivers/STM32F4xx_HAL_Driver/Src/stm32f4xx_ll_utils.o

.debug_frame    0x0000000000000000     0x4a64
 .debug_frame   0x0000000000000000      0x7e0 ./Core/Src/main.o
 .debug_frame   0x00000000000007e0       0x80 ./Core/Src/stm32f4xx_hal_msp.o
 .debug_frame   0x0000000000000860       0x74 ./Core/Src/stm32f4xx_hal_timebase_tim.o
 .debug_frame   0x00000000000008d4      0x144 ./Core/Src/stm32f4xx_it.o
 .debug_frame   0x0000000000000a18       0x58 ./Core/Src/system_stm32f4xx.o
 .debug_frame   0x0000000000000a70      0x3b4 ./Drivers/STM32F4xx_HAL_Driver/Src/stm32f4xx_hal.o
 .debug_frame   0x0000000000000e24      0x4b8 ./Drivers/STM32F4xx_HAL_Driver/Src/stm32f4xx_hal_cortex.o
 .debug_frame   0x00000000000012dc      0x14c ./Drivers/STM32F4xx_HAL_Driver/Src/stm32f4xx_hal_gpio.o
 .debug_frame   0x0000000000001428      0xc84 ./Drivers/STM32F4xx_HAL_Driver/Src/stm32f4xx_hal_i2c.o
 .debug_frame   0x00000000000020ac       0x60 ./Drivers/STM32F4xx_HAL_Driver/Src/stm32f4xx_hal_i2c_ex.o
 .debug_frame   0x000000000000210c      0x1f4 ./Drivers/STM32F4xx_HAL_Driver/Src/stm32f4xx_hal_rcc.o
 .debug_frame   0x0000000000002300     0x11c0 ./Drivers/STM32F4xx_HAL_Driver/Src/stm32f4xx_hal_tim.o
 .debug_frame   0x00000000000034c0      0x638 ./Drivers/STM32F4xx_HAL_Driver/Src/stm32f4xx_hal_tim_ex.o
 .debug_frame   0x0000000000003af8      0x1bc ./Drivers/STM32F4xx_HAL_Driver/Src/stm32f4xx_ll_exti.o
 .debug_frame   0x0000000000003cb4      0x1c0 ./Drivers/STM32F4xx_HAL_Driver/Src/stm32f4xx_ll_gpio.o
 .debug_frame   0x0000000000003e74      0x254 ./Drivers/STM32F4xx_HAL_Driver/Src/stm32f4xx_ll_spi.o
 .debug_frame   0x00000000000040c8      0x538 ./Drivers/STM32F4xx_HAL_Driver/Src/stm32f4xx_ll_tim.o
 .debug_frame   0x0000000000004600      0x418 ./Drivers/STM32F4xx_HAL_Driver/Src/stm32f4xx_ll_utils.o
 .debug_frame   0x0000000000004a18       0x2c c:/st/stm32cubeide_1.10.1/stm32cubeide/plugins/com.st.stm32cube.ide.mcu.externaltools.gnu-tools-for-stm32.10.3-2021.10.win32_1.0.0.202111181127/tools/bin/../lib/gcc/arm-none-eabi/10.3.1/../../../../arm-none-eabi/lib/thumb/v7e-m+fp/hard\libc_nano.a(lib_a-init.o)
 .debug_frame   0x0000000000004a44       0x20 c:/st/stm32cubeide_1.10.1/stm32cubeide/plugins/com.st.stm32cube.ide.mcu.externaltools.gnu-tools-for-stm32.10.3-2021.10.win32_1.0.0.202111181127/tools/bin/../lib/gcc/arm-none-eabi/10.3.1/../../../../arm-none-eabi/lib/thumb/v7e-m+fp/hard\libc_nano.a(lib_a-memset.o)
